Archive member included to satisfy reference by file (symbol)

D:/ST/STM32CubeIDE_1.19.0/STM32CubeIDE/plugins/com.st.stm32cube.ide.mcu.externaltools.gnu-tools-for-stm32.13.3.rel1.win32_1.0.0.202411081344/tools/bin/../lib/gcc/arm-none-eabi/13.3.1/../../../../arm-none-eabi/lib/thumb/v7e-m+fp/hard\libc_nano.a(libc_a-exit.o)
                              D:/ST/STM32CubeIDE_1.19.0/STM32CubeIDE/plugins/com.st.stm32cube.ide.mcu.externaltools.gnu-tools-for-stm32.13.3.rel1.win32_1.0.0.202411081344/tools/bin/../lib/gcc/arm-none-eabi/13.3.1/../../../../arm-none-eabi/lib/thumb/v7e-m+fp/hard/crt0.o (exit)
D:/ST/STM32CubeIDE_1.19.0/STM32CubeIDE/plugins/com.st.stm32cube.ide.mcu.externaltools.gnu-tools-for-stm32.13.3.rel1.win32_1.0.0.202411081344/tools/bin/../lib/gcc/arm-none-eabi/13.3.1/../../../../arm-none-eabi/lib/thumb/v7e-m+fp/hard\libc_nano.a(libc_a-malloc.o)
                              ./Middlewares/ST/STM32_USB_Host_Library/Class/CDC/Src/usbh_cdc.o (malloc)
D:/ST/STM32CubeIDE_1.19.0/STM32CubeIDE/plugins/com.st.stm32cube.ide.mcu.externaltools.gnu-tools-for-stm32.13.3.rel1.win32_1.0.0.202411081344/tools/bin/../lib/gcc/arm-none-eabi/13.3.1/../../../../arm-none-eabi/lib/thumb/v7e-m+fp/hard\libc_nano.a(libc_a-mallocr.o)
                              D:/ST/STM32CubeIDE_1.19.0/STM32CubeIDE/plugins/com.st.stm32cube.ide.mcu.externaltools.gnu-tools-for-stm32.13.3.rel1.win32_1.0.0.202411081344/tools/bin/../lib/gcc/arm-none-eabi/13.3.1/../../../../arm-none-eabi/lib/thumb/v7e-m+fp/hard\libc_nano.a(libc_a-malloc.o) (_malloc_r)
D:/ST/STM32CubeIDE_1.19.0/STM32CubeIDE/plugins/com.st.stm32cube.ide.mcu.externaltools.gnu-tools-for-stm32.13.3.rel1.win32_1.0.0.202411081344/tools/bin/../lib/gcc/arm-none-eabi/13.3.1/../../../../arm-none-eabi/lib/thumb/v7e-m+fp/hard\libc_nano.a(libc_a-mlock.o)
                              D:/ST/STM32CubeIDE_1.19.0/STM32CubeIDE/plugins/com.st.stm32cube.ide.mcu.externaltools.gnu-tools-for-stm32.13.3.rel1.win32_1.0.0.202411081344/tools/bin/../lib/gcc/arm-none-eabi/13.3.1/../../../../arm-none-eabi/lib/thumb/v7e-m+fp/hard\libc_nano.a(libc_a-mallocr.o) (__malloc_lock)
D:/ST/STM32CubeIDE_1.19.0/STM32CubeIDE/plugins/com.st.stm32cube.ide.mcu.externaltools.gnu-tools-for-stm32.13.3.rel1.win32_1.0.0.202411081344/tools/bin/../lib/gcc/arm-none-eabi/13.3.1/../../../../arm-none-eabi/lib/thumb/v7e-m+fp/hard\libc_nano.a(libc_a-findfp.o)
                              ./Middlewares/Third_Party/FreeRTOS/Source/tasks.o (__sf)
D:/ST/STM32CubeIDE_1.19.0/STM32CubeIDE/plugins/com.st.stm32cube.ide.mcu.externaltools.gnu-tools-for-stm32.13.3.rel1.win32_1.0.0.202411081344/tools/bin/../lib/gcc/arm-none-eabi/13.3.1/../../../../arm-none-eabi/lib/thumb/v7e-m+fp/hard\libc_nano.a(libc_a-fwalk.o)
                              D:/ST/STM32CubeIDE_1.19.0/STM32CubeIDE/plugins/com.st.stm32cube.ide.mcu.externaltools.gnu-tools-for-stm32.13.3.rel1.win32_1.0.0.202411081344/tools/bin/../lib/gcc/arm-none-eabi/13.3.1/../../../../arm-none-eabi/lib/thumb/v7e-m+fp/hard\libc_nano.a(libc_a-findfp.o) (_fwalk_sglue)
D:/ST/STM32CubeIDE_1.19.0/STM32CubeIDE/plugins/com.st.stm32cube.ide.mcu.externaltools.gnu-tools-for-stm32.13.3.rel1.win32_1.0.0.202411081344/tools/bin/../lib/gcc/arm-none-eabi/13.3.1/../../../../arm-none-eabi/lib/thumb/v7e-m+fp/hard\libc_nano.a(libc_a-puts.o)
                              ./Core/Src/main.o (puts)
D:/ST/STM32CubeIDE_1.19.0/STM32CubeIDE/plugins/com.st.stm32cube.ide.mcu.externaltools.gnu-tools-for-stm32.13.3.rel1.win32_1.0.0.202411081344/tools/bin/../lib/gcc/arm-none-eabi/13.3.1/../../../../arm-none-eabi/lib/thumb/v7e-m+fp/hard\libc_nano.a(libc_a-stdio.o)
                              D:/ST/STM32CubeIDE_1.19.0/STM32CubeIDE/plugins/com.st.stm32cube.ide.mcu.externaltools.gnu-tools-for-stm32.13.3.rel1.win32_1.0.0.202411081344/tools/bin/../lib/gcc/arm-none-eabi/13.3.1/../../../../arm-none-eabi/lib/thumb/v7e-m+fp/hard\libc_nano.a(libc_a-findfp.o) (__sread)
D:/ST/STM32CubeIDE_1.19.0/STM32CubeIDE/plugins/com.st.stm32cube.ide.mcu.externaltools.gnu-tools-for-stm32.13.3.rel1.win32_1.0.0.202411081344/tools/bin/../lib/gcc/arm-none-eabi/13.3.1/../../../../arm-none-eabi/lib/thumb/v7e-m+fp/hard\libc_nano.a(libc_a-wbuf.o)
                              D:/ST/STM32CubeIDE_1.19.0/STM32CubeIDE/plugins/com.st.stm32cube.ide.mcu.externaltools.gnu-tools-for-stm32.13.3.rel1.win32_1.0.0.202411081344/tools/bin/../lib/gcc/arm-none-eabi/13.3.1/../../../../arm-none-eabi/lib/thumb/v7e-m+fp/hard\libc_nano.a(libc_a-puts.o) (__swbuf_r)
D:/ST/STM32CubeIDE_1.19.0/STM32CubeIDE/plugins/com.st.stm32cube.ide.mcu.externaltools.gnu-tools-for-stm32.13.3.rel1.win32_1.0.0.202411081344/tools/bin/../lib/gcc/arm-none-eabi/13.3.1/../../../../arm-none-eabi/lib/thumb/v7e-m+fp/hard\libc_nano.a(libc_a-wsetup.o)
[...]
Memory Configuration

Name             Origin             Length             Attributes
RAM              0x20000000         0x00020000         xrw
FLASH            0x08000000         0x00080000         xr
*default*        0x00000000         0xffffffff

Linker script and memory map

LOAD D:/ST/STM32CubeIDE_1.19.0/STM32CubeIDE/plugins/com.st.stm32cube.ide.mcu.externaltools.gnu-tools-for-stm32.13.3.rel1.win32_1.0.0.202411081344/tools/bin/../lib/gcc/arm-none-eabi/13.3.1/thumb/v7e-m+fp/hard/crti.o
LOAD D:/ST/STM32CubeIDE_1.19.0/STM32CubeIDE/plugins/com.st.stm32cube.ide.mcu.externaltools.gnu-tools-for-stm32.13.3.rel1.win32_1.0.0.202411081344/tools/bin/../lib/gcc/arm-none-eabi/13.3.1/thumb/v7e-m+fp/hard/crtbegin.o
LOAD D:/ST/STM32CubeIDE_1.19.0/STM32CubeIDE/plugins/com.st.stm32cube.ide.mcu.externaltools.gnu-tools-for-stm32.13.3.rel1.win32_1.0.0.202411081344/tools/bin/../lib/gcc/arm-none-eabi/13.3.1/../../../../arm-none-eabi/lib/thumb/v7e-m+fp/hard/crt0.o
LOAD ./Core/Src/fonts.o
LOAD ./Core/Src/freertos.o
LOAD ./Core/Src/gpio.o
LOAD ./Core/Src/i2c.o
LOAD ./Core/Src/main.o
LOAD ./Core/Src/spi.o
LOAD ./Core/Src/st7789.o
LOAD ./Core/Src/stm32f4xx_hal_msp.o
LOAD ./Core/Src/stm32f4xx_hal_timebase_tim.o
LOAD ./Core/Src/stm32f4xx_it.o
LOAD ./Core/Src/syscalls.o
LOAD ./Core/Src/sysmem.o
LOAD ./Core/Src/system_stm32f4xx.o
LOAD ./Core/Startup/startup_stm32f411vetx.o
LOAD ./Drivers/STM32F4xx_HAL_Driver/Src/stm32f4xx_hal.o
LOAD ./Drivers/STM32F4xx_HAL_Driver/Src/stm32f4xx_hal_cortex.o
LOAD ./Drivers/STM32F4xx_HAL_Driver/Src/stm32f4xx_hal_dma.o
LOAD ./Drivers/STM32F4xx_HAL_Driver/Src/stm32f4xx_hal_dma_ex.o
LOAD ./Drivers/STM32F4xx_HAL_Driver/Src/stm32f4xx_hal_exti.o
LOAD ./Drivers/STM32F4xx_HAL_Driver/Src/stm32f4xx_hal_flash.o
LOAD ./Drivers/STM32F4xx_HAL_Driver/Src/stm32f4xx_hal_flash_ex.o
LOAD ./Drivers/STM32F4xx_HAL_Driver/Src/stm32f4xx_hal_flash_ramfunc.o
LOAD ./Drivers/STM32F4xx_HAL_Driver/Src/stm32f4xx_hal_gpio.o
LOAD ./Drivers/STM32F4xx_HAL_Driver/Src/stm32f4xx_hal_hcd.o
LOAD ./Drivers/STM32F4xx_HAL_Driver/Src/stm32f4xx_hal_i2c.o
LOAD ./Drivers/STM32F4xx_HAL_Driver/Src/stm32f4xx_hal_i2c_ex.o
LOAD ./Drivers/STM32F4xx_HAL_Driver/Src/stm32f4xx_hal_pwr.o
LOAD ./Drivers/STM32F4xx_HAL_Driver/Src/stm32f4xx_hal_pwr_ex.o
LOAD ./Drivers/STM32F4xx_HAL_Driver/Src/stm32f4xx_hal_rcc.o
LOAD ./Drivers/STM32F4xx_HAL_Driver/Src/stm32f4xx_hal_rcc_ex.o
LOAD ./Drivers/STM32F4xx_HAL_Driver/Src/stm32f4xx_hal_spi.o
LOAD ./Drivers/STM32F4xx_HAL_Driver/Src/stm32f4xx_hal_tim.o
LOAD ./Drivers/STM32F4xx_HAL_Driver/Src/stm32f4xx_hal_tim_ex.o
LOAD ./Drivers/STM32F4xx_HAL_Driver/Src/stm32f4xx_ll_usb.o
LOAD ./Middlewares/ST/STM32_USB_Host_Library/Class/CDC/Src/usbh_cdc.o
LOAD ./Middlewares/ST/STM32_USB_Host_Library/Core/Src/usbh_core.o
LOAD ./Middlewares/ST/STM32_USB_Host_Library/Core/Src/usbh_ctlreq.o
LOAD ./Middlewares/ST/STM32_USB_Host_Library/Core/Src/usbh_ioreq.o
LOAD ./Middlewares/ST/STM32_USB_Host_Library/Core/Src/usbh_pipes.o
LOAD ./Middlewares/Third_Party/FreeRTOS/Source/CMSIS_RTOS/cmsis_os.o
LOAD ./Middlewares/Third_Party/FreeRTOS/Source/croutine.o
LOAD ./Middlewares/Third_Party/FreeRTOS/Source/event_groups.o
LOAD ./Middlewares/Third_Party/FreeRTOS/Source/list.o
LOAD ./Middlewares/Third_Party/FreeRTOS/Source/queue.o
LOAD ./Middlewares/Third_Party/FreeRTOS/Source/stream_buffer.o
LOAD ./Middlewares/Third_Party/FreeRTOS/Source/tasks.o
LOAD ./Middlewares/Third_Party/FreeRTOS/Source/timers.o
LOAD ./Middlewares/Third_Party/FreeRTOS/Source/portable/GCC/ARM_CM4F/port.o
LOAD ./Middlewares/Third_Party/FreeRTOS/Source/portable/MemMang/heap_4.o
LOAD ./USB_HOST/App/usb_host.o
LOAD ./USB_HOST/Target/usbh_conf.o
LOAD ./USB_HOST/Target/usbh_platform.o
START GROUP
LOAD D:/ST/STM32CubeIDE_1.19.0/STM32CubeIDE/plugins/com.st.stm32cube.ide.mcu.externaltools.gnu-tools-for-stm32.13.3.rel1.win32_1.0.0.202411081344/tools/bin/../lib/gcc/arm-none-eabi/13.3.1/../../../../arm-none-eabi/lib/thumb/v7e-m+fp/hard\libc_nano.a
LOAD D:/ST/STM32CubeIDE_1.19.0/STM32CubeIDE/plugins/com.st.stm32cube.ide.mcu.externaltools.gnu-tools-for-stm32.13.3.rel1.win32_1.0.0.202411081344/tools/bin/../lib/gcc/arm-none-eabi/13.3.1/../../../../arm-none-eabi/lib/thumb/v7e-m+fp/hard\libm.a
END GROUP
START GROUP
LOAD D:/ST/STM32CubeIDE_1.19.0/STM32CubeIDE/plugins/com.st.stm32cube.ide.mcu.externaltools.gnu-tools-for-stm32.13.3.rel1.win32_1.0.0.202411081344/tools/bin/../lib/gcc/arm-none-eabi/13.3.1/thumb/v7e-m+fp/hard\libgcc.a
LOAD D:/ST/STM32CubeIDE_1.19.0/STM32CubeIDE/plugins/com.st.stm32cube.ide.mcu.externaltools.gnu-tools-for-stm32.13.3.rel1.win32_1.0.0.202411081344/tools/bin/../lib/gcc/arm-none-eabi/13.3.1/../../../../arm-none-eabi/lib/thumb/v7e-m+fp/hard\libc_nano.a
END GROUP
START GROUP
LOAD D:/ST/STM32CubeIDE_1.19.0/STM32CubeIDE/plugins/com.st.stm32cube.ide.mcu.externaltools.gnu-tools-for-stm32.13.3.rel1.win32_1.0.0.202411081344/tools/bin/../lib/gcc/arm-none-eabi/13.3.1/thumb/v7e-m+fp/hard\libgcc.a
LOAD D:/ST/STM32CubeIDE_1.19.0/STM32CubeIDE/plugins/com.st.stm32cube.ide.mcu.externaltools.gnu-tools-for-stm32.13.3.rel1.win32_1.0.0.202411081344/tools/bin/../lib/gcc/arm-none-eabi/13.3.1/../../../../arm-none-eabi/lib/thumb/v7e-m+fp/hard\libc_nano.a
LOAD D:/ST/STM32CubeIDE_1.19.0/STM32CubeIDE/plugins/com.st.stm32cube.ide.mcu.externaltools.gnu-tools-for-stm32.13.3.rel1.win32_1.0.0.202411081344/tools/bin/../lib/gcc/arm-none-eabi/13.3.1/../../../../arm-none-eabi/lib/thumb/v7e-m+fp/hard\libnosys.a
END GROUP
START GROUP
LOAD D:/ST/STM32CubeIDE_1.19.0/STM32CubeIDE/plugins/com.st.stm32cube.ide.mcu.externaltools.gnu-tools-for-stm32.13.3.rel1.win32_1.0.0.202411081344/tools/bin/../lib/gcc/arm-none-eabi/13.3.1/thumb/v7e-m+fp/hard\libgcc.a
LOAD D:/ST/STM32CubeIDE_1.19.0/STM32CubeIDE/plugins/com.st.stm32cube.ide.mcu.externaltools.gnu-tools-for-stm32.13.3.rel1.win32_1.0.0.202411081344/tools/bin/../lib/gcc/arm-none-eabi/13.3.1/../../../../arm-none-eabi/lib/thumb/v7e-m+fp/hard\libc_nano.a
LOAD D:/ST/STM32CubeIDE_1.19.0/STM32CubeIDE/plugins/com.st.stm32cube.ide.mcu.externaltools.gnu-tools-for-stm32.13.3.rel1.win32_1.0.0.202411081344/tools/bin/../lib/gcc/arm-none-eabi/13.3.1/../../../../arm-none-eabi/lib/thumb/v7e-m+fp/hard\libnosys.a
END GROUP
LOAD D:/ST/STM32CubeIDE_1.19.0/STM32CubeIDE/plugins/com.st.stm32cube.ide.mcu.externaltools.gnu-tools-for-stm32.13.3.rel1.win32_1.0.0.202411081344/tools/bin/../lib/gcc/arm-none-eabi/13.3.1/thumb/v7e-m+fp/hard/crtend.o
LOAD D:/ST/STM32CubeIDE_1.19.0/STM32CubeIDE/plugins/com.st.stm32cube.ide.mcu.externaltools.gnu-tools-for-stm32.13.3.rel1.win32_1.0.0.202411081344/tools/bin/../lib/gcc/arm-none-eabi/13.3.1/thumb/v7e-m+fp/hard/crtn.o
                0x20020000                        _estack = (ORIGIN (RAM) + LENGTH (RAM))
                0x00000200                        _Min_Heap_Size = 0x200
                0x00000400                        _Min_Stack_Size = 0x400

.isr_vector     0x08000000      0x198
                0x08000000                        . = ALIGN (0x4)
 *(.isr_vector)
 .isr_vector    0x08000000      0x198 ./Core/Startup/startup_stm32f411vetx.o
                0x08000000                g_pfnVectors
                0x08000198                        . = ALIGN (0x4)

.text           0x080001a0     0xd5d4
                0x080001a0                        . = ALIGN (0x4)
 *(.text)
 .text          0x080001a0       0x40 D:/ST/STM32CubeIDE_1.19.0/STM32CubeIDE/plugins/com.st.stm32cube.ide.mcu.externaltools.gnu-tools-for-stm32.13.3.rel1.win32_1.0.0.202411081344/tools/bin/../lib/gcc/arm-none-eabi/13.3.1/thumb/v7e-m+fp/hard/crtbegin.o
 .text          0x080001e0       0x30 D:/ST/STM32CubeIDE_1.19.0/STM32CubeIDE/plugins/com.st.stm32cube.ide.mcu.externaltools.gnu-tools-for-stm32.13.3.rel1.win32_1.0.0.202411081344/tools/bin/../lib/gcc/arm-none-eabi/13.3.1/thumb/v7e-m+fp/hard\libgcc.a(_aeabi_uldivmod.o)
                0x080001e0                __aeabi_uldivmod
 .text          0x08000210      0x2f8 D:/ST/STM32CubeIDE_1.19.0/STM32CubeIDE/plugins/com.st.stm32cube.ide.mcu.externaltools.gnu-tools-for-stm32.13.3.rel1.win32_1.0.0.202411081344/tools/bin/../lib/gcc/arm-none-eabi/13.3.1/thumb/v7e-m+fp/hard\libgcc.a(_udivmoddi4.o)
                0x08000210                __udivmoddi4
 .text          0x08000508        0x4 D:/ST/STM32CubeIDE_1.19.0/STM32CubeIDE/plugins/com.st.stm32cube.ide.mcu.externaltools.gnu-tools-for-stm32.13.3.rel1.win32_1.0.0.202411081344/tools/bin/../lib/gcc/arm-none-eabi/13.3.1/thumb/v7e-m+fp/hard\libgcc.a(_dvmd_tls.o)
                0x08000508                __aeabi_idiv0
                0x08000508                __aeabi_ldiv0
 *(.text*)
 .text.vApplicationGetIdleTaskMemory
                0x0800050c       0x34 ./Core/Src/freertos.o
                0x0800050c                vApplicationGetIdleTaskMemory
 .text.MX_FREERTOS_Init
                0x08000540       0x94 ./Core/Src/freertos.o
                0x08000540                MX_FREERTOS_Init
 .text.StartDefaultTask
                0x080005d4       0x14 ./Core/Src/freertos.o
                0x080005d4                StartDefaultTask
 .text.StartGaulge_task
                0x080005e8       0x10 ./Core/Src/freertos.o
                0x080005e8                StartGaulge_task
 .text.StartLCD_task
                0x080005f8       0x10 ./Core/Src/freertos.o
                0x080005f8                StartLCD_task
 .text.MX_GPIO_Init
                0x08000608      0x288 ./Core/Src/gpio.o
                0x08000608                MX_GPIO_Init
 .text.MX_I2C1_Init
                0x08000890       0x5c ./Core/Src/i2c.o
                0x08000890                MX_I2C1_Init
 .text.HAL_I2C_MspInit
                0x080008ec       0xa0 ./Core/Src/i2c.o
                0x080008ec                HAL_I2C_MspInit
 .text.ITM_SendChar
                0x0800098c       0x4e ./Core/Src/main.o
 *fill*         0x080009da        0x2 
 .text.main     0x080009dc       0x60 ./Core/Src/main.o
                0x080009dc                main
 .text.SystemClock_Config
                0x08000a3c       0xd0 ./Core/Src/main.o
                0x08000a3c                SystemClock_Config
 .text._write   0x08000b0c       0x38 ./Core/Src/main.o
                0x08000b0c                _write
 .text.HAL_TIM_PeriodElapsedCallback
                0x08000b44       0x24 ./Core/Src/main.o
                0x08000b44                HAL_TIM_PeriodElapsedCallback
 .text.Error_Handler
                0x08000b68        0xc ./Core/Src/main.o
                0x08000b68                Error_Handler
 .text.MX_SPI1_Init
                0x08000b74       0x6c ./Core/Src/spi.o
                0x08000b74                MX_SPI1_Init
 .text.HAL_SPI_MspInit
                0x08000be0       0x90 ./Core/Src/spi.o
                0x08000be0                HAL_SPI_MspInit
 .text.ST7789_WriteCommand
                0x08000c70       0x4c ./Core/Src/st7789.o
 .text.ST7789_WriteData
                0x08000cbc       0x70 ./Core/Src/st7789.o
 .text.ST7789_WriteSmallData
                0x08000d2c       0x4c ./Core/Src/st7789.o
 .text.ST7789_SetRotation
                0x08000d78       0x58 ./Core/Src/st7789.o
                0x08000d78                ST7789_SetRotation
 .text.ST7789_SetAddressWindow
                0x08000dd0       0xbc ./Core/Src/st7789.o
 .text.ST7789_Init
                0x08000e8c      0x13c ./Core/Src/st7789.o
                0x08000e8c                ST7789_Init
 .text.ST7789_Fill_Color
                0x08000fc8       0x7c ./Core/Src/st7789.o
                0x08000fc8                ST7789_Fill_Color
 .text.ST7789_WriteChar
                0x08001044       0xfc ./Core/Src/st7789.o
                0x08001044                ST7789_WriteChar
 .text.ST7789_WriteString
                0x08001140       0xa8 ./Core/Src/st7789.o
                0x08001140                ST7789_WriteString
 .text.HAL_MspInit
                0x080011e8       0x58 ./Core/Src/stm32f4xx_hal_msp.o
                0x080011e8                HAL_MspInit
 .text.HAL_InitTick
                0x08001240       0xe4 ./Core/Src/stm32f4xx_hal_timebase_tim.o
                0x08001240                HAL_InitTick
 .text.NMI_Handler
                0x08001324        0x8 ./Core/Src/stm32f4xx_it.o
                0x08001324                NMI_Handler
 .text.HardFault_Handler
                0x0800132c        0x8 ./Core/Src/stm32f4xx_it.o
                0x0800132c                HardFault_Handler
 .text.MemManage_Handler
                0x08001334        0x8 ./Core/Src/stm32f4xx_it.o
                0x08001334                MemManage_Handler
 .text.BusFault_Handler
                0x0800133c        0x8 ./Core/Src/stm32f4xx_it.o
                0x0800133c                BusFault_Handler
 .text.UsageFault_Handler
                0x08001344        0x8 ./Core/Src/stm32f4xx_it.o
                0x08001344                UsageFault_Handler
 .text.DebugMon_Handler
                0x0800134c        0xe ./Core/Src/stm32f4xx_it.o
                0x0800134c                DebugMon_Handler
 *fill*         0x0800135a        0x2 
 .text.TIM1_UP_TIM10_IRQHandler
                0x0800135c       0x14 ./Core/Src/stm32f4xx_it.o
                0x0800135c                TIM1_UP_TIM10_IRQHandler
 .text.I2C1_EV_IRQHandler
                0x08001370       0x14 ./Core/Src/stm32f4xx_it.o
                0x08001370                I2C1_EV_IRQHandler
 .text.OTG_FS_IRQHandler
                0x08001384       0x14 ./Core/Src/stm32f4xx_it.o
                0x08001384                OTG_FS_IRQHandler
 .text._read    0x08001398       0x3a ./Core/Src/syscalls.o
                0x08001398                _read
 .text._close   0x080013d2       0x18 ./Core/Src/syscalls.o
                0x080013d2                _close
 .text._fstat   0x080013ea       0x20 ./Core/Src/syscalls.o
                0x080013ea                _fstat
 .text._isatty  0x0800140a       0x16 ./Core/Src/syscalls.o
                0x0800140a                _isatty
 .text._lseek   0x08001420       0x1a ./Core/Src/syscalls.o
                0x08001420                _lseek
 *fill*         0x0800143a        0x2 
 .text._sbrk    0x0800143c       0x6c ./Core/Src/sysmem.o
                0x0800143c                _sbrk
 .text.SystemInit
                0x080014a8       0x24 ./Core/Src/system_stm32f4xx.o
                0x080014a8                SystemInit
 .text.Reset_Handler
                0x080014cc       0x50 ./Core/Startup/startup_stm32f411vetx.o
                0x080014cc                Reset_Handler
 .text.Default_Handler
                0x0800151c        0x2 ./Core/Startup/startup_stm32f411vetx.o
                0x0800151c                RTC_Alarm_IRQHandler
                0x0800151c                EXTI2_IRQHandler
                0x0800151c                SPI4_IRQHandler
                0x0800151c                TIM1_CC_IRQHandler
                0x0800151c                DMA2_Stream5_IRQHandler
                0x0800151c                DMA1_Stream5_IRQHandler
                0x0800151c                PVD_IRQHandler
                0x0800151c                SDIO_IRQHandler
                0x0800151c                TAMP_STAMP_IRQHandler
                0x0800151c                EXTI3_IRQHandler
                0x0800151c                I2C3_ER_IRQHandler
                0x0800151c                EXTI0_IRQHandler
                0x0800151c                I2C2_EV_IRQHandler
                0x0800151c                DMA1_Stream2_IRQHandler
                0x0800151c                FPU_IRQHandler
                0x0800151c                DMA2_Stream2_IRQHandler
                0x0800151c                SPI1_IRQHandler
                0x0800151c                TIM1_BRK_TIM9_IRQHandler
                0x0800151c                DMA2_Stream3_IRQHandler
                0x0800151c                USART6_IRQHandler
                0x0800151c                DMA2_Stream0_IRQHandler
                0x0800151c                TIM4_IRQHandler
                0x0800151c                DMA1_Stream6_IRQHandler
                0x0800151c                DMA1_Stream1_IRQHandler
                0x0800151c                TIM3_IRQHandler
                0x0800151c                RCC_IRQHandler
                0x0800151c                Default_Handler
                0x0800151c                EXTI15_10_IRQHandler
                0x0800151c                ADC_IRQHandler
                0x0800151c                DMA1_Stream7_IRQHandler
                0x0800151c                SPI5_IRQHandler
                0x0800151c                TIM5_IRQHandler
                0x0800151c                DMA2_Stream7_IRQHandler
                0x0800151c                I2C3_EV_IRQHandler
                0x0800151c                EXTI9_5_IRQHandler
                0x0800151c                RTC_WKUP_IRQHandler
                0x0800151c                SPI2_IRQHandler
                0x0800151c                DMA1_Stream0_IRQHandler
                0x0800151c                EXTI4_IRQHandler
                0x0800151c                WWDG_IRQHandler
                0x0800151c                TIM2_IRQHandler
                0x0800151c                OTG_FS_WKUP_IRQHandler
                0x0800151c                TIM1_TRG_COM_TIM11_IRQHandler
                0x0800151c                EXTI1_IRQHandler
                0x0800151c                USART2_IRQHandler
                0x0800151c                I2C2_ER_IRQHandler
                0x0800151c                DMA2_Stream1_IRQHandler
                0x0800151c                FLASH_IRQHandler
                0x0800151c                DMA2_Stream4_IRQHandler
                0x0800151c                USART1_IRQHandler
                0x0800151c                SPI3_IRQHandler
                0x0800151c                DMA1_Stream4_IRQHandler
                0x0800151c                I2C1_ER_IRQHandler
                0x0800151c                DMA2_Stream6_IRQHandler
                0x0800151c                DMA1_Stream3_IRQHandler
 *fill*         0x0800151e        0x2 
 .text.HAL_Init
                0x08001520       0x44 ./Drivers/STM32F4xx_HAL_Driver/Src/stm32f4xx_hal.o
                0x08001520                HAL_Init
 .text.HAL_IncTick
                0x08001564       0x28 ./Drivers/STM32F4xx_HAL_Driver/Src/stm32f4xx_hal.o
                0x08001564                HAL_IncTick
 .text.HAL_GetTick
                0x0800158c       0x18 ./Drivers/STM32F4xx_HAL_Driver/Src/stm32f4xx_hal.o
                0x0800158c                HAL_GetTick
 .text.HAL_Delay
                0x080015a4       0x48 ./Drivers/STM32F4xx_HAL_Driver/Src/stm32f4xx_hal.o
                0x080015a4                HAL_Delay
 .text.__NVIC_SetPriorityGrouping
                0x080015ec       0x48 ./Drivers/STM32F4xx_HAL_Driver/Src/stm32f4xx_hal_cortex.o
 .text.__NVIC_GetPriorityGrouping
                0x08001634       0x1c ./Drivers/STM32F4xx_HAL_Driver/Src/stm32f4xx_hal_cortex.o
 .text.__NVIC_EnableIRQ
                0x08001650       0x3c ./Drivers/STM32F4xx_HAL_Driver/Src/stm32f4xx_hal_cortex.o
 .text.__NVIC_SetPriority
                0x0800168c       0x54 ./Drivers/STM32F4xx_HAL_Driver/Src/stm32f4xx_hal_cortex.o
 .text.NVIC_EncodePriority
                0x080016e0       0x66 ./Drivers/STM32F4xx_HAL_Driver/Src/stm32f4xx_hal_cortex.o
 .text.HAL_NVIC_SetPriorityGrouping
                0x08001746       0x16 ./Drivers/STM32F4xx_HAL_Driver/Src/stm32f4xx_hal_cortex.o
                0x08001746                HAL_NVIC_SetPriorityGrouping
 .text.HAL_NVIC_SetPriority
                0x0800175c       0x38 ./Drivers/STM32F4xx_HAL_Driver/Src/stm32f4xx_hal_cortex.o
                0x0800175c                HAL_NVIC_SetPriority
 .text.HAL_NVIC_EnableIRQ
                0x08001794       0x1c ./Drivers/STM32F4xx_HAL_Driver/Src/stm32f4xx_hal_cortex.o
                0x08001794                HAL_NVIC_EnableIRQ
 .text.HAL_DMA_Abort_IT
                0x080017b0       0x44 ./Drivers/STM32F4xx_HAL_Driver/Src/stm32f4xx_hal_dma.o
                0x080017b0                HAL_DMA_Abort_IT
 .text.HAL_DMA_GetState
                0x080017f4       0x1c ./Drivers/STM32F4xx_HAL_Driver/Src/stm32f4xx_hal_dma.o
                0x080017f4                HAL_DMA_GetState
 .text.HAL_GPIO_Init
                0x08001810      0x308 ./Drivers/STM32F4xx_HAL_Driver/Src/stm32f4xx_hal_gpio.o
                0x08001810                HAL_GPIO_Init
 .text.HAL_GPIO_WritePin
                0x08001b18       0x32 ./Drivers/STM32F4xx_HAL_Driver/Src/stm32f4xx_hal_gpio.o
                0x08001b18                HAL_GPIO_WritePin
 .text.HAL_HCD_Init
                0x08001b4a       0xce ./Drivers/STM32F4xx_HAL_Driver/Src/stm32f4xx_hal_hcd.o
                0x08001b4a                HAL_HCD_Init
 .text.HAL_HCD_HC_Init
                0x08001c18      0x170 ./Drivers/STM32F4xx_HAL_Driver/Src/stm32f4xx_hal_hcd.o
                0x08001c18                HAL_HCD_HC_Init
 .text.HAL_HCD_HC_SubmitRequest
                0x08001d88      0x33c ./Drivers/STM32F4xx_HAL_Driver/Src/stm32f4xx_hal_hcd.o
                0x08001d88                HAL_HCD_HC_SubmitRequest
 .text.HAL_HCD_IRQHandler
                0x080020c4      0x220 ./Drivers/STM32F4xx_HAL_Driver/Src/stm32f4xx_hal_hcd.o
                0x080020c4                HAL_HCD_IRQHandler
 .text.HAL_HCD_Start
                0x080022e4       0x46 ./Drivers/STM32F4xx_HAL_Driver/Src/stm32f4xx_hal_hcd.o
                0x080022e4                HAL_HCD_Start
 .text.HAL_HCD_Stop
                0x0800232a       0x3a ./Drivers/STM32F4xx_HAL_Driver/Src/stm32f4xx_hal_hcd.o
                0x0800232a                HAL_HCD_Stop
 .text.HAL_HCD_ResetPort
                0x08002364       0x1c ./Drivers/STM32F4xx_HAL_Driver/Src/stm32f4xx_hal_hcd.o
                0x08002364                HAL_HCD_ResetPort
 .text.HAL_HCD_HC_GetURBState
                0x08002380       0x2a ./Drivers/STM32F4xx_HAL_Driver/Src/stm32f4xx_hal_hcd.o
                0x08002380                HAL_HCD_HC_GetURBState
 .text.HAL_HCD_HC_GetXferCount
                0x080023aa       0x2a ./Drivers/STM32F4xx_HAL_Driver/Src/stm32f4xx_hal_hcd.o
                0x080023aa                HAL_HCD_HC_GetXferCount
 .text.HAL_HCD_GetCurrentFrame
                0x080023d4       0x1c ./Drivers/STM32F4xx_HAL_Driver/Src/stm32f4xx_hal_hcd.o
                0x080023d4                HAL_HCD_GetCurrentFrame
 .text.HAL_HCD_GetCurrentSpeed
                0x080023f0       0x1c ./Drivers/STM32F4xx_HAL_Driver/Src/stm32f4xx_hal_hcd.o
                0x080023f0                HAL_HCD_GetCurrentSpeed
 .text.HAL_HCD_HC_ClearHubInfo
                0x0800240c       0x6a ./Drivers/STM32F4xx_HAL_Driver/Src/stm32f4xx_hal_hcd.o
                0x0800240c                HAL_HCD_HC_ClearHubInfo
 .text.HCD_HC_IN_IRQHandler
                0x08002476      0xcd2 ./Drivers/STM32F4xx_HAL_Driver/Src/stm32f4xx_hal_hcd.o
 .text.HCD_HC_OUT_IRQHandler
                0x08003148      0x97e ./Drivers/STM32F4xx_HAL_Driver/Src/stm32f4xx_hal_hcd.o
 .text.HCD_RXQLVL_IRQHandler
                0x08003ac6      0x1be ./Drivers/STM32F4xx_HAL_Driver/Src/stm32f4xx_hal_hcd.o
 .text.HCD_Port_IRQHandler
                0x08003c84       0xe6 ./Drivers/STM32F4xx_HAL_Driver/Src/stm32f4xx_hal_hcd.o
 *fill*         0x08003d6a        0x2 
 .text.HAL_I2C_Init
                0x08003d6c      0x288 ./Drivers/STM32F4xx_HAL_Driver/Src/stm32f4xx_hal_i2c.o
                0x08003d6c                HAL_I2C_Init
 .text.I2C_Flush_DR
                0x08003ff4       0x2a ./Drivers/STM32F4xx_HAL_Driver/Src/stm32f4xx_hal_i2c.o
 .text.HAL_I2C_EV_IRQHandler
                0x0800401e      0x2e2 ./Drivers/STM32F4xx_HAL_Driver/Src/stm32f4xx_hal_i2c.o
                0x0800401e                HAL_I2C_EV_IRQHandler
 .text.HAL_I2C_MasterTxCpltCallback
                0x08004300       0x14 ./Drivers/STM32F4xx_HAL_Driver/Src/stm32f4xx_hal_i2c.o
                0x08004300                HAL_I2C_MasterTxCpltCallback
 .text.HAL_I2C_MasterRxCpltCallback
                0x08004314       0x14 ./Drivers/STM32F4xx_HAL_Driver/Src/stm32f4xx_hal_i2c.o
                0x08004314                HAL_I2C_MasterRxCpltCallback
 .text.HAL_I2C_SlaveTxCpltCallback
                0x08004328       0x14 ./Drivers/STM32F4xx_HAL_Driver/Src/stm32f4xx_hal_i2c.o
                0x08004328                HAL_I2C_SlaveTxCpltCallback
 .text.HAL_I2C_SlaveRxCpltCallback
                0x0800433c       0x14 ./Drivers/STM32F4xx_HAL_Driver/Src/stm32f4xx_hal_i2c.o
                0x0800433c                HAL_I2C_SlaveRxCpltCallback
 .text.HAL_I2C_AddrCallback
                0x08004350       0x1c ./Drivers/STM32F4xx_HAL_Driver/Src/stm32f4xx_hal_i2c.o
                0x08004350                HAL_I2C_AddrCallback
 .text.HAL_I2C_ListenCpltCallback
                0x0800436c       0x14 ./Drivers/STM32F4xx_HAL_Driver/Src/stm32f4xx_hal_i2c.o
                0x0800436c                HAL_I2C_ListenCpltCallback
 .text.HAL_I2C_MemTxCpltCallback
                0x08004380       0x14 ./Drivers/STM32F4xx_HAL_Driver/Src/stm32f4xx_hal_i2c.o
                0x08004380                HAL_I2C_MemTxCpltCallback
 .text.HAL_I2C_MemRxCpltCallback
                0x08004394       0x14 ./Drivers/STM32F4xx_HAL_Driver/Src/stm32f4xx_hal_i2c.o
                0x08004394                HAL_I2C_MemRxCpltCallback
 .text.HAL_I2C_ErrorCallback
                0x080043a8       0x14 ./Drivers/STM32F4xx_HAL_Driver/Src/stm32f4xx_hal_i2c.o
                0x080043a8                HAL_I2C_ErrorCallback
 .text.HAL_I2C_AbortCpltCallback
                0x080043bc       0x14 ./Drivers/STM32F4xx_HAL_Driver/Src/stm32f4xx_hal_i2c.o
                0x080043bc                HAL_I2C_AbortCpltCallback
 .text.I2C_MasterTransmit_TXE
                0x080043d0      0x138 ./Drivers/STM32F4xx_HAL_Driver/Src/stm32f4xx_hal_i2c.o
 .text.I2C_MasterTransmit_BTF
                0x08004508       0xec ./Drivers/STM32F4xx_HAL_Driver/Src/stm32f4xx_hal_i2c.o
 .text.I2C_MemoryTransmit_TXE_BTF
                0x080045f4      0x130 ./Drivers/STM32F4xx_HAL_Driver/Src/stm32f4xx_hal_i2c.o
 .text.I2C_MasterReceive_RXNE
                0x08004724      0x190 ./Drivers/STM32F4xx_HAL_Driver/Src/stm32f4xx_hal_i2c.o
 .text.I2C_MasterReceive_BTF
                0x080048b4      0x1e2 ./Drivers/STM32F4xx_HAL_Driver/Src/stm32f4xx_hal_i2c.o
 .text.I2C_Master_SB
                0x08004a96      0x10c ./Drivers/STM32F4xx_HAL_Driver/Src/stm32f4xx_hal_i2c.o
 .text.I2C_Master_ADD10
                0x08004ba2       0x54 ./Drivers/STM32F4xx_HAL_Driver/Src/stm32f4xx_hal_i2c.o
 .text.I2C_Master_ADDR
                0x08004bf6      0x322 ./Drivers/STM32F4xx_HAL_Driver/Src/stm32f4xx_hal_i2c.o
 .text.I2C_SlaveTransmit_TXE
                0x08004f18       0x7a ./Drivers/STM32F4xx_HAL_Driver/Src/stm32f4xx_hal_i2c.o
 .text.I2C_SlaveTransmit_BTF
                0x08004f92       0x42 ./Drivers/STM32F4xx_HAL_Driver/Src/stm32f4xx_hal_i2c.o
 .text.I2C_SlaveReceive_RXNE
                0x08004fd4       0x7c ./Drivers/STM32F4xx_HAL_Driver/Src/stm32f4xx_hal_i2c.o
 .text.I2C_SlaveReceive_BTF
                0x08005050       0x44 ./Drivers/STM32F4xx_HAL_Driver/Src/stm32f4xx_hal_i2c.o
 .text.I2C_Slave_ADDR
                0x08005094       0x94 ./Drivers/STM32F4xx_HAL_Driver/Src/stm32f4xx_hal_i2c.o
 .text.I2C_Slave_STOPF
                0x08005128      0x260 ./Drivers/STM32F4xx_HAL_Driver/Src/stm32f4xx_hal_i2c.o
 .text.I2C_ITError
                0x08005388      0x264 ./Drivers/STM32F4xx_HAL_Driver/Src/stm32f4xx_hal_i2c.o
 .text.I2C_DMAAbort
                0x080055ec      0x150 ./Drivers/STM32F4xx_HAL_Driver/Src/stm32f4xx_hal_i2c.o
 .text.I2C_WaitOnSTOPRequestThroughIT
                0x0800573c       0x64 ./Drivers/STM32F4xx_HAL_Driver/Src/stm32f4xx_hal_i2c.o
 .text.I2C_ConvertOtherXferOptions
                0x080057a0       0x36 ./Drivers/STM32F4xx_HAL_Driver/Src/stm32f4xx_hal_i2c.o
 *fill*         0x080057d6        0x2 
 .text.HAL_RCC_OscConfig
                0x080057d8      0x4f0 ./Drivers/STM32F4xx_HAL_Driver/Src/stm32f4xx_hal_rcc.o
                0x080057d8                HAL_RCC_OscConfig
 .text.HAL_RCC_ClockConfig
                0x08005cc8      0x1cc ./Drivers/STM32F4xx_HAL_Driver/Src/stm32f4xx_hal_rcc.o
                0x08005cc8                HAL_RCC_ClockConfig
 .text.HAL_RCC_GetSysClockFreq
                0x08005e94      0x20c ./Drivers/STM32F4xx_HAL_Driver/Src/stm32f4xx_hal_rcc.o
                0x08005e94                HAL_RCC_GetSysClockFreq
 .text.HAL_RCC_GetHCLKFreq
                0x080060a0       0x18 ./Drivers/STM32F4xx_HAL_Driver/Src/stm32f4xx_hal_rcc.o
                0x080060a0                HAL_RCC_GetHCLKFreq
 .text.HAL_RCC_GetPCLK1Freq
                0x080060b8       0x28 ./Drivers/STM32F4xx_HAL_Driver/Src/stm32f4xx_hal_rcc.o
                0x080060b8                HAL_RCC_GetPCLK1Freq
 .text.HAL_RCC_GetPCLK2Freq
                0x080060e0       0x28 ./Drivers/STM32F4xx_HAL_Driver/Src/stm32f4xx_hal_rcc.o
                0x080060e0                HAL_RCC_GetPCLK2Freq
 .text.HAL_RCC_GetClockConfig
                0x08006108       0x64 ./Drivers/STM32F4xx_HAL_Driver/Src/stm32f4xx_hal_rcc.o
                0x08006108                HAL_RCC_GetClockConfig
 .text.HAL_SPI_Init
                0x0800616c      0x112 ./Drivers/STM32F4xx_HAL_Driver/Src/stm32f4xx_hal_spi.o
                0x0800616c                HAL_SPI_Init
 .text.HAL_SPI_Transmit
                0x0800627e      0x288 ./Drivers/STM32F4xx_HAL_Driver/Src/stm32f4xx_hal_spi.o
                0x0800627e                HAL_SPI_Transmit
 *fill*         0x08006506        0x2 
 .text.SPI_WaitFlagStateUntilTimeout
                0x08006508      0x110 ./Drivers/STM32F4xx_HAL_Driver/Src/stm32f4xx_hal_spi.o
 .text.SPI_EndRxTxTransaction
                0x08006618       0xa8 ./Drivers/STM32F4xx_HAL_Driver/Src/stm32f4xx_hal_spi.o
 .text.HAL_TIM_Base_Init
                0x080066c0       0x9e ./Drivers/STM32F4xx_HAL_Driver/Src/stm32f4xx_hal_tim.o
                0x080066c0                HAL_TIM_Base_Init
 .text.HAL_TIM_Base_MspInit
                0x0800675e       0x14 ./Drivers/STM32F4xx_HAL_Driver/Src/stm32f4xx_hal_tim.o
                0x0800675e                HAL_TIM_Base_MspInit
 *fill*         0x08006772        0x2 
 .text.HAL_TIM_Base_Start_IT
                0x08006774       0xc4 ./Drivers/STM32F4xx_HAL_Driver/Src/stm32f4xx_hal_tim.o
                0x08006774                HAL_TIM_Base_Start_IT
 .text.HAL_TIM_IRQHandler
                0x08006838      0x1e0 ./Drivers/STM32F4xx_HAL_Driver/Src/stm32f4xx_hal_tim.o
                0x08006838                HAL_TIM_IRQHandler
 .text.HAL_TIM_OC_DelayElapsedCallback
                0x08006a18       0x14 ./Drivers/STM32F4xx_HAL_Driver/Src/stm32f4xx_hal_tim.o
                0x08006a18                HAL_TIM_OC_DelayElapsedCallback
 .text.HAL_TIM_IC_CaptureCallback
                0x08006a2c       0x14 ./Drivers/STM32F4xx_HAL_Driver/Src/stm32f4xx_hal_tim.o
                0x08006a2c                HAL_TIM_IC_CaptureCallback
 .text.HAL_TIM_PWM_PulseFinishedCallback
                0x08006a40       0x14 ./Drivers/STM32F4xx_HAL_Driver/Src/stm32f4xx_hal_tim.o
                0x08006a40                HAL_TIM_PWM_PulseFinishedCallback
 .text.HAL_TIM_TriggerCallback
                0x08006a54       0x14 ./Drivers/STM32F4xx_HAL_Driver/Src/stm32f4xx_hal_tim.o
                0x08006a54                HAL_TIM_TriggerCallback
 .text.TIM_Base_SetConfig
                0x08006a68      0x10c ./Drivers/STM32F4xx_HAL_Driver/Src/stm32f4xx_hal_tim.o
                0x08006a68                TIM_Base_SetConfig
 .text.HAL_TIMEx_CommutCallback
                0x08006b74       0x14 ./Drivers/STM32F4xx_HAL_Driver/Src/stm32f4xx_hal_tim_ex.o
                0x08006b74                HAL_TIMEx_CommutCallback
 .text.HAL_TIMEx_BreakCallback
                0x08006b88       0x14 ./Drivers/STM32F4xx_HAL_Driver/Src/stm32f4xx_hal_tim_ex.o
                0x08006b88                HAL_TIMEx_BreakCallback
 .text.USB_CoreInit
                0x08006b9c       0xc8 ./Drivers/STM32F4xx_HAL_Driver/Src/stm32f4xx_ll_usb.o
                0x08006b9c                USB_CoreInit
 .text.USB_EnableGlobalInt
                0x08006c64       0x22 ./Drivers/STM32F4xx_HAL_Driver/Src/stm32f4xx_ll_usb.o
                0x08006c64                USB_EnableGlobalInt
 .text.USB_DisableGlobalInt
                0x08006c86       0x22 ./Drivers/STM32F4xx_HAL_Driver/Src/stm32f4xx_ll_usb.o
                0x08006c86                USB_DisableGlobalInt
 .text.USB_SetCurrentMode
                0x08006ca8       0x98 ./Drivers/STM32F4xx_HAL_Driver/Src/stm32f4xx_ll_usb.o
                0x08006ca8                USB_SetCurrentMode
 .text.USB_FlushTxFifo
                0x08006d40       0x64 ./Drivers/STM32F4xx_HAL_Driver/Src/stm32f4xx_ll_usb.o
                0x08006d40                USB_FlushTxFifo
 .text.USB_FlushRxFifo
                0x08006da4       0x5c ./Drivers/STM32F4xx_HAL_Driver/Src/stm32f4xx_ll_usb.o
                0x08006da4                USB_FlushRxFifo
 .text.USB_WritePacket
                0x08006e00       0x7c ./Drivers/STM32F4xx_HAL_Driver/Src/stm32f4xx_ll_usb.o
                0x08006e00                USB_WritePacket
 .text.USB_ReadPacket
                0x08006e7c       0xb0 ./Drivers/STM32F4xx_HAL_Driver/Src/stm32f4xx_ll_usb.o
                0x08006e7c                USB_ReadPacket
 .text.USB_ReadInterrupts
                0x08006f2c       0x26 ./Drivers/STM32F4xx_HAL_Driver/Src/stm32f4xx_ll_usb.o
                0x08006f2c                USB_ReadInterrupts
 .text.USB_ReadChInterrupts
                0x08006f52       0x42 ./Drivers/STM32F4xx_HAL_Driver/Src/stm32f4xx_ll_usb.o
                0x08006f52                USB_ReadChInterrupts
 .text.USB_GetMode
                0x08006f94       0x1c ./Drivers/STM32F4xx_HAL_Driver/Src/stm32f4xx_ll_usb.o
                0x08006f94                USB_GetMode
 .text.USB_CoreReset
                0x08006fb0       0x70 ./Drivers/STM32F4xx_HAL_Driver/Src/stm32f4xx_ll_usb.o
 .text.USB_HostInit
                0x08007020      0x15c ./Drivers/STM32F4xx_HAL_Driver/Src/stm32f4xx_ll_usb.o
                0x08007020                USB_HostInit
 .text.USB_InitFSLSPClkSel
                0x0800717c       0x7a ./Drivers/STM32F4xx_HAL_Driver/Src/stm32f4xx_ll_usb.o
                0x0800717c                USB_InitFSLSPClkSel
 .text.USB_ResetPort
                0x080071f6       0x54 ./Drivers/STM32F4xx_HAL_Driver/Src/stm32f4xx_ll_usb.o
                0x080071f6                USB_ResetPort
 .text.USB_DriveVbus
                0x0800724a       0x72 ./Drivers/STM32F4xx_HAL_Driver/Src/stm32f4xx_ll_usb.o
                0x0800724a                USB_DriveVbus
 .text.USB_GetHostSpeed
                0x080072bc       0x2e ./Drivers/STM32F4xx_HAL_Driver/Src/stm32f4xx_ll_usb.o
                0x080072bc                USB_GetHostSpeed
 .text.USB_GetCurrentFrame
                0x080072ea       0x22 ./Drivers/STM32F4xx_HAL_Driver/Src/stm32f4xx_ll_usb.o
                0x080072ea                USB_GetCurrentFrame
 .text.USB_HC_Init
                0x0800730c      0x22c ./Drivers/STM32F4xx_HAL_Driver/Src/stm32f4xx_ll_usb.o
                0x0800730c                USB_HC_Init
 .text.USB_HC_StartXfer
                0x08007538      0x488 ./Drivers/STM32F4xx_HAL_Driver/Src/stm32f4xx_ll_usb.o
                0x08007538                USB_HC_StartXfer
 .text.USB_HC_ReadInterrupt
                0x080079c0       0x22 ./Drivers/STM32F4xx_HAL_Driver/Src/stm32f4xx_ll_usb.o
                0x080079c0                USB_HC_ReadInterrupt
 .text.USB_HC_Halt
                0x080079e2      0x240 ./Drivers/STM32F4xx_HAL_Driver/Src/stm32f4xx_ll_usb.o
                0x080079e2                USB_HC_Halt
 .text.USB_StopHost
                0x08007c22      0x124 ./Drivers/STM32F4xx_HAL_Driver/Src/stm32f4xx_ll_usb.o
                0x08007c22                USB_StopHost
 .text.USBH_CDC_InterfaceInit
                0x08007d46      0x2ac ./Middlewares/ST/STM32_USB_Host_Library/Class/CDC/Src/usbh_cdc.o
 .text.USBH_CDC_InterfaceDeInit
                0x08007ff2       0xb2 ./Middlewares/ST/STM32_USB_Host_Library/Class/CDC/Src/usbh_cdc.o
 .text.USBH_CDC_ClassRequest
                0x080080a4       0x3e ./Middlewares/ST/STM32_USB_Host_Library/Class/CDC/Src/usbh_cdc.o
 *fill*         0x080080e2        0x2 
 .text.USBH_CDC_Process
                0x080080e4      0x12c ./Middlewares/ST/STM32_USB_Host_Library/Class/CDC/Src/usbh_cdc.o
 .text.USBH_CDC_SOFProcess
                0x08008210       0x16 ./Middlewares/ST/STM32_USB_Host_Library/Class/CDC/Src/usbh_cdc.o
 .text.GetLineCoding
                0x08008226       0x3e ./Middlewares/ST/STM32_USB_Host_Library/Class/CDC/Src/usbh_cdc.o
 .text.SetLineCoding
                0x08008264       0x3e ./Middlewares/ST/STM32_USB_Host_Library/Class/CDC/Src/usbh_cdc.o
 .text.CDC_ProcessTransmission
                0x080082a2      0x104 ./Middlewares/ST/STM32_USB_Host_Library/Class/CDC/Src/usbh_cdc.o
 .text.CDC_ProcessReception
                0x080083a6       0xc2 ./Middlewares/ST/STM32_USB_Host_Library/Class/CDC/Src/usbh_cdc.o
 .text.USBH_CDC_TransmitCallback
                0x08008468       0x14 ./Middlewares/ST/STM32_USB_Host_Library/Class/CDC/Src/usbh_cdc.o
                0x08008468                USBH_CDC_TransmitCallback
 .text.USBH_CDC_ReceiveCallback
                0x0800847c       0x14 ./Middlewares/ST/STM32_USB_Host_Library/Class/CDC/Src/usbh_cdc.o
                0x0800847c                USBH_CDC_ReceiveCallback
 .text.USBH_CDC_LineCodingChanged
                0x08008490       0x14 ./Middlewares/ST/STM32_USB_Host_Library/Class/CDC/Src/usbh_cdc.o
                0x08008490                USBH_CDC_LineCodingChanged
 .text.USBH_Init
                0x080084a4       0xc4 ./Middlewares/ST/STM32_USB_Host_Library/Core/Src/usbh_core.o
                0x080084a4                USBH_Init
 .text.DeInitStateMachine
                0x08008568       0xe2 ./Middlewares/ST/STM32_USB_Host_Library/Core/Src/usbh_core.o
 .text.USBH_RegisterClass
                0x0800864a       0x54 ./Middlewares/ST/STM32_USB_Host_Library/Core/Src/usbh_core.o
                0x0800864a                USBH_RegisterClass
 .text.USBH_SelectInterface
                0x0800869e       0x38 ./Middlewares/ST/STM32_USB_Host_Library/Core/Src/usbh_core.o
                0x0800869e                USBH_SelectInterface
 .text.USBH_FindInterface
                0x080086d6       0x8c ./Middlewares/ST/STM32_USB_Host_Library/Core/Src/usbh_core.o
                0x080086d6                USBH_FindInterface
 .text.USBH_Start
                0x08008762       0x20 ./Middlewares/ST/STM32_USB_Host_Library/Core/Src/usbh_core.o
                0x08008762                USBH_Start
 *fill*         0x08008782        0x2 
 .text.USBH_Process
                0x08008784      0x434 ./Middlewares/ST/STM32_USB_Host_Library/Core/Src/usbh_core.o
                0x08008784                USBH_Process
 .text.USBH_HandleEnum
                0x08008bb8      0x3fc ./Middlewares/ST/STM32_USB_Host_Library/Core/Src/usbh_core.o
 .text.USBH_LL_SetTimer
                0x08008fb4       0x1e ./Middlewares/ST/STM32_USB_Host_Library/Core/Src/usbh_core.o
                0x08008fb4                USBH_LL_SetTimer
 .text.USBH_LL_IncTimer
                0x08008fd2       0x24 ./Middlewares/ST/STM32_USB_Host_Library/Core/Src/usbh_core.o
                0x08008fd2                USBH_LL_IncTimer
 .text.USBH_HandleSof
                0x08008ff6       0x30 ./Middlewares/ST/STM32_USB_Host_Library/Core/Src/usbh_core.o
 .text.USBH_LL_PortEnabled
                0x08009026       0x24 ./Middlewares/ST/STM32_USB_Host_Library/Core/Src/usbh_core.o
                0x08009026                USBH_LL_PortEnabled
 .text.USBH_LL_PortDisabled
                0x0800904a       0x24 ./Middlewares/ST/STM32_USB_Host_Library/Core/Src/usbh_core.o
                0x0800904a                USBH_LL_PortDisabled
 .text.USBH_LL_Connect
                0x0800906e       0x36 ./Middlewares/ST/STM32_USB_Host_Library/Core/Src/usbh_core.o
                0x0800906e                USBH_LL_Connect
 .text.USBH_LL_Disconnect
                0x080090a4       0x54 ./Middlewares/ST/STM32_USB_Host_Library/Core/Src/usbh_core.o
                0x080090a4                USBH_LL_Disconnect
 .text.USBH_OS_PutMessage
                0x080090f8       0x4e ./Middlewares/ST/STM32_USB_Host_Library/Core/Src/usbh_core.o
                0x080090f8                USBH_OS_PutMessage
 .text.USBH_Process_OS
                0x08009146       0x2a ./Middlewares/ST/STM32_USB_Host_Library/Core/Src/usbh_core.o
 .text.USBH_LL_NotifyURBChange
                0x08009170       0x1e ./Middlewares/ST/STM32_USB_Host_Library/Core/Src/usbh_core.o
                0x08009170                USBH_LL_NotifyURBChange
 .text.USBH_Get_DevDesc
                0x0800918e       0x58 ./Middlewares/ST/STM32_USB_Host_Library/Core/Src/usbh_ctlreq.o
                0x0800918e                USBH_Get_DevDesc
 .text.USBH_Get_CfgDesc
                0x080091e6       0x54 ./Middlewares/ST/STM32_USB_Host_Library/Core/Src/usbh_ctlreq.o
                0x080091e6                USBH_Get_CfgDesc
 .text.USBH_Get_StringDesc
                0x0800923a       0x68 ./Middlewares/ST/STM32_USB_Host_Library/Core/Src/usbh_ctlreq.o
                0x0800923a                USBH_Get_StringDesc
 .text.USBH_GetDescriptor
                0x080092a2       0x6a ./Middlewares/ST/STM32_USB_Host_Library/Core/Src/usbh_ctlreq.o
                0x080092a2                USBH_GetDescriptor
 .text.USBH_SetAddress
                0x0800930c       0x48 ./Middlewares/ST/STM32_USB_Host_Library/Core/Src/usbh_ctlreq.o
                0x0800930c                USBH_SetAddress
 .text.USBH_SetCfg
                0x08009354       0x46 ./Middlewares/ST/STM32_USB_Host_Library/Core/Src/usbh_ctlreq.o
                0x08009354                USBH_SetCfg
 .text.USBH_SetFeature
                0x0800939a       0x48 ./Middlewares/ST/STM32_USB_Host_Library/Core/Src/usbh_ctlreq.o
                0x0800939a                USBH_SetFeature
 .text.USBH_ClrFeature
                0x080093e2       0x48 ./Middlewares/ST/STM32_USB_Host_Library/Core/Src/usbh_ctlreq.o
                0x080093e2                USBH_ClrFeature
 *fill*         0x0800942a        0x2 
 .text.USBH_ParseDevDesc
                0x0800942c      0x160 ./Middlewares/ST/STM32_USB_Host_Library/Core/Src/usbh_ctlreq.o
 .text.USBH_ParseCfgDesc
                0x0800958c      0x1f8 ./Middlewares/ST/STM32_USB_Host_Library/Core/Src/usbh_ctlreq.o
 .text.USBH_ParseInterfaceDesc
                0x08009784       0x5e ./Middlewares/ST/STM32_USB_Host_Library/Core/Src/usbh_ctlreq.o
 .text.USBH_ParseEPDesc
                0x080097e2      0x1d0 ./Middlewares/ST/STM32_USB_Host_Library/Core/Src/usbh_ctlreq.o
 .text.USBH_ParseStringDesc
                0x080099b2       0x66 ./Middlewares/ST/STM32_USB_Host_Library/Core/Src/usbh_ctlreq.o
 .text.USBH_GetNextDesc
                0x08009a18       0x34 ./Middlewares/ST/STM32_USB_Host_Library/Core/Src/usbh_ctlreq.o
                0x08009a18                USBH_GetNextDesc
 .text.USBH_CtlReq
                0x08009a4c       0x92 ./Middlewares/ST/STM32_USB_Host_Library/Core/Src/usbh_ctlreq.o
                0x08009a4c                USBH_CtlReq
 *fill*         0x08009ade        0x2 
 .text.USBH_HandleControl
                0x08009ae0      0x3a0 ./Middlewares/ST/STM32_USB_Host_Library/Core/Src/usbh_ctlreq.o
 .text.USBH_CtlSendSetup
                0x08009e80       0x34 ./Middlewares/ST/STM32_USB_Host_Library/Core/Src/usbh_ioreq.o
                0x08009e80                USBH_CtlSendSetup
 .text.USBH_CtlSendData
                0x08009eb4       0x4a ./Middlewares/ST/STM32_USB_Host_Library/Core/Src/usbh_ioreq.o
                0x08009eb4                USBH_CtlSendData
 .text.USBH_CtlReceiveData
                0x08009efe       0x3c ./Middlewares/ST/STM32_USB_Host_Library/Core/Src/usbh_ioreq.o
                0x08009efe                USBH_CtlReceiveData
 .text.USBH_BulkSendData
                0x08009f3a       0x4a ./Middlewares/ST/STM32_USB_Host_Library/Core/Src/usbh_ioreq.o
                0x08009f3a                USBH_BulkSendData
 .text.USBH_BulkReceiveData
                0x08009f84       0x3c ./Middlewares/ST/STM32_USB_Host_Library/Core/Src/usbh_ioreq.o
                0x08009f84                USBH_BulkReceiveData
 .text.USBH_OpenPipe
                0x08009fc0       0x3e ./Middlewares/ST/STM32_USB_Host_Library/Core/Src/usbh_pipes.o
                0x08009fc0                USBH_OpenPipe
 .text.USBH_ClosePipe
                0x08009ffe       0x20 ./Middlewares/ST/STM32_USB_Host_Library/Core/Src/usbh_pipes.o
                0x08009ffe                USBH_ClosePipe
 .text.USBH_AllocPipe
                0x0800a01e       0x42 ./Middlewares/ST/STM32_USB_Host_Library/Core/Src/usbh_pipes.o
                0x0800a01e                USBH_AllocPipe
 .text.USBH_FreePipe
                0x0800a060       0x3c ./Middlewares/ST/STM32_USB_Host_Library/Core/Src/usbh_pipes.o
                0x0800a060                USBH_FreePipe
 .text.USBH_GetFreePipe
                0x0800a09c       0x48 ./Middlewares/ST/STM32_USB_Host_Library/Core/Src/usbh_pipes.o
 .text.makeFreeRtosPriority
                0x0800a0e4       0x30 ./Middlewares/Third_Party/FreeRTOS/Source/CMSIS_RTOS/cmsis_os.o
 .text.inHandlerMode
                0x0800a114       0x24 ./Middlewares/Third_Party/FreeRTOS/Source/CMSIS_RTOS/cmsis_os.o
 .text.osKernelStart
                0x0800a138        0xe ./Middlewares/Third_Party/FreeRTOS/Source/CMSIS_RTOS/cmsis_os.o
                0x0800a138                osKernelStart
 .text.osThreadCreate
                0x0800a146       0x98 ./Middlewares/Third_Party/FreeRTOS/Source/CMSIS_RTOS/cmsis_os.o
                0x0800a146                osThreadCreate
 .text.osDelay  0x0800a1de       0x28 ./Middlewares/Third_Party/FreeRTOS/Source/CMSIS_RTOS/cmsis_os.o
                0x0800a1de                osDelay
 .text.osMessageCreate
                0x0800a206       0x50 ./Middlewares/Third_Party/FreeRTOS/Source/CMSIS_RTOS/cmsis_os.o
                0x0800a206                osMessageCreate
 *fill*         0x0800a256        0x2 
 .text.osMessagePut
                0x0800a258       0x80 ./Middlewares/Third_Party/FreeRTOS/Source/CMSIS_RTOS/cmsis_os.o
                0x0800a258                osMessagePut
 .text.osMessageGet
                0x0800a2d8       0xe8 ./Middlewares/Third_Party/FreeRTOS/Source/CMSIS_RTOS/cmsis_os.o
                0x0800a2d8                osMessageGet
 .text.osMessageWaiting
                0x0800a3c0       0x2c ./Middlewares/Third_Party/FreeRTOS/Source/CMSIS_RTOS/cmsis_os.o
                0x0800a3c0                osMessageWaiting
 .text.vListInitialise
                0x0800a3ec       0x40 ./Middlewares/Third_Party/FreeRTOS/Source/list.o
                0x0800a3ec                vListInitialise
 .text.vListInitialiseItem
                0x0800a42c       0x1a ./Middlewares/Third_Party/FreeRTOS/Source/list.o
                0x0800a42c                vListInitialiseItem
 .text.vListInsertEnd
                0x0800a446       0x48 ./Middlewares/Third_Party/FreeRTOS/Source/list.o
                0x0800a446                vListInsertEnd
 .text.vListInsert
                0x0800a48e       0x72 ./Middlewares/Third_Party/FreeRTOS/Source/list.o
                0x0800a48e                vListInsert
 .text.uxListRemove
                0x0800a500       0x54 ./Middlewares/Third_Party/FreeRTOS/Source/list.o
                0x0800a500                uxListRemove
 .text.xQueueGenericReset
                0x0800a554       0xd4 ./Middlewares/Third_Party/FreeRTOS/Source/queue.o
                0x0800a554                xQueueGenericReset
 .text.xQueueGenericCreateStatic
                0x0800a628       0xfa ./Middlewares/Third_Party/FreeRTOS/Source/queue.o
                0x0800a628                xQueueGenericCreateStatic
 .text.xQueueGenericCreate
                0x0800a722       0x76 ./Middlewares/Third_Party/FreeRTOS/Source/queue.o
                0x0800a722                xQueueGenericCreate
 .text.prvInitialiseNewQueue
                0x0800a798       0x3e ./Middlewares/Third_Party/FreeRTOS/Source/queue.o
 *fill*         0x0800a7d6        0x2 
 .text.xQueueGenericSend
                0x0800a7d8      0x204 ./Middlewares/Third_Party/FreeRTOS/Source/queue.o
                0x0800a7d8                xQueueGenericSend
 .text.xQueueGenericSendFromISR
                0x0800a9dc      0x13c ./Middlewares/Third_Party/FreeRTOS/Source/queue.o
                0x0800a9dc                xQueueGenericSendFromISR
 .text.xQueueReceive
                0x0800ab18      0x1c4 ./Middlewares/Third_Party/FreeRTOS/Source/queue.o
                0x0800ab18                xQueueReceive
 .text.xQueueReceiveFromISR
                0x0800acdc      0x104 ./Middlewares/Third_Party/FreeRTOS/Source/queue.o
                0x0800acdc                xQueueReceiveFromISR
 .text.uxQueueMessagesWaiting
                0x0800ade0       0x3e ./Middlewares/Third_Party/FreeRTOS/Source/queue.o
                0x0800ade0                uxQueueMessagesWaiting
 .text.uxQueueMessagesWaitingFromISR
                0x0800ae1e       0x3e ./Middlewares/Third_Party/FreeRTOS/Source/queue.o
                0x0800ae1e                uxQueueMessagesWaitingFromISR
 .text.prvCopyDataToQueue
                0x0800ae5c       0xd4 ./Middlewares/Third_Party/FreeRTOS/Source/queue.o
 .text.prvCopyDataFromQueue
                0x0800af30       0x4c ./Middlewares/Third_Party/FreeRTOS/Source/queue.o
 .text.prvUnlockQueue
                0x0800af7c       0xa4 ./Middlewares/Third_Party/FreeRTOS/Source/queue.o
 .text.prvIsQueueEmpty
                0x0800b020       0x2c ./Middlewares/Third_Party/FreeRTOS/Source/queue.o
 .text.prvIsQueueFull
                0x0800b04c       0x30 ./Middlewares/Third_Party/FreeRTOS/Source/queue.o
 .text.xTaskCreateStatic
                0x0800b07c       0xc0 ./Middlewares/Third_Party/FreeRTOS/Source/tasks.o
                0x0800b07c                xTaskCreateStatic
 .text.xTaskCreate
                0x0800b13c       0x8a ./Middlewares/Third_Party/FreeRTOS/Source/tasks.o
                0x0800b13c                xTaskCreate
 *fill*         0x0800b1c6        0x2 
 .text.prvInitialiseNewTask
                0x0800b1c8      0x140 ./Middlewares/Third_Party/FreeRTOS/Source/tasks.o
 .text.prvAddNewTaskToReadyList
                0x0800b308       0xd4 ./Middlewares/Third_Party/FreeRTOS/Source/tasks.o
 .text.vTaskDelay
                0x0800b3dc       0x6c ./Middlewares/Third_Party/FreeRTOS/Source/tasks.o
                0x0800b3dc                vTaskDelay
 .text.vTaskStartScheduler
                0x0800b448       0xd4 ./Middlewares/Third_Party/FreeRTOS/Source/tasks.o
                0x0800b448                vTaskStartScheduler
 .text.vTaskSuspendAll
                0x0800b51c       0x1c ./Middlewares/Third_Party/FreeRTOS/Source/tasks.o
                0x0800b51c                vTaskSuspendAll
 .text.xTaskResumeAll
                0x0800b538      0x13c ./Middlewares/Third_Party/FreeRTOS/Source/tasks.o
                0x0800b538                xTaskResumeAll
 .text.xTaskIncrementTick
                0x0800b674      0x174 ./Middlewares/Third_Party/FreeRTOS/Source/tasks.o
                0x0800b674                xTaskIncrementTick
 .text.vTaskSwitchContext
                0x0800b7e8       0xc8 ./Middlewares/Third_Party/FreeRTOS/Source/tasks.o
                0x0800b7e8                vTaskSwitchContext
 .text.vTaskPlaceOnEventList
                0x0800b8b0       0x4c ./Middlewares/Third_Party/FreeRTOS/Source/tasks.o
                0x0800b8b0                vTaskPlaceOnEventList
 .text.xTaskRemoveFromEventList
                0x0800b8fc       0xc8 ./Middlewares/Third_Party/FreeRTOS/Source/tasks.o
                0x0800b8fc                xTaskRemoveFromEventList
 .text.vTaskInternalSetTimeOutState
                0x0800b9c4       0x2c ./Middlewares/Third_Party/FreeRTOS/Source/tasks.o
                0x0800b9c4                vTaskInternalSetTimeOutState
 .text.xTaskCheckForTimeOut
                0x0800b9f0       0xc8 ./Middlewares/Third_Party/FreeRTOS/Source/tasks.o
                0x0800b9f0                xTaskCheckForTimeOut
 .text.vTaskMissedYield
                0x0800bab8       0x18 ./Middlewares/Third_Party/FreeRTOS/Source/tasks.o
                0x0800bab8                vTaskMissedYield
 .text.prvIdleTask
                0x0800bad0       0x30 ./Middlewares/Third_Party/FreeRTOS/Source/tasks.o
 .text.prvInitialiseTaskLists
                0x0800bb00       0x80 ./Middlewares/Third_Party/FreeRTOS/Source/tasks.o
 .text.prvCheckTasksWaitingTermination
                0x0800bb80       0x5c ./Middlewares/Third_Party/FreeRTOS/Source/tasks.o
 .text.prvDeleteTCB
                0x0800bbdc       0x6a ./Middlewares/Third_Party/FreeRTOS/Source/tasks.o
 *fill*         0x0800bc46        0x2 
 .text.prvResetNextTaskUnblockTime
                0x0800bc48       0x40 ./Middlewares/Third_Party/FreeRTOS/Source/tasks.o
 .text.xTaskGetSchedulerState
                0x0800bc88       0x3c ./Middlewares/Third_Party/FreeRTOS/Source/tasks.o
                0x0800bc88                xTaskGetSchedulerState
 .text.xTaskPriorityDisinherit
                0x0800bcc4      0x110 ./Middlewares/Third_Party/FreeRTOS/Source/tasks.o
                0x0800bcc4                xTaskPriorityDisinherit
 .text.prvAddCurrentTaskToDelayedList
                0x0800bdd4       0xcc ./Middlewares/Third_Party/FreeRTOS/Source/tasks.o
 .text.pxPortInitialiseStack
                0x0800bea0       0x68 ./Middlewares/Third_Party/FreeRTOS/Source/portable/GCC/ARM_CM4F/port.o
                0x0800bea0                pxPortInitialiseStack
 .text.prvTaskExitError
                0x0800bf08       0x5c ./Middlewares/Third_Party/FreeRTOS/Source/portable/GCC/ARM_CM4F/port.o
 *fill*         0x0800bf64        0xc 
 .text.SVC_Handler
                0x0800bf70       0x28 ./Middlewares/Third_Party/FreeRTOS/Source/portable/GCC/ARM_CM4F/port.o
                0x0800bf70                SVC_Handler
 .text.prvPortStartFirstTask
                0x0800bf98       0x28 ./Middlewares/Third_Party/FreeRTOS/Source/portable/GCC/ARM_CM4F/port.o
 .text.xPortStartScheduler
                0x0800bfc0      0x148 ./Middlewares/Third_Party/FreeRTOS/Source/portable/GCC/ARM_CM4F/port.o
                0x0800bfc0                xPortStartScheduler
 .text.vPortEnterCritical
                0x0800c108       0x64 ./Middlewares/Third_Party/FreeRTOS/Source/portable/GCC/ARM_CM4F/port.o
                0x0800c108                vPortEnterCritical
 .text.vPortExitCritical
                0x0800c16c       0x54 ./Middlewares/Third_Party/FreeRTOS/Source/portable/GCC/ARM_CM4F/port.o
                0x0800c16c                vPortExitCritical
 .text.PendSV_Handler
                0x0800c1c0       0x68 ./Middlewares/Third_Party/FreeRTOS/Source/portable/GCC/ARM_CM4F/port.o
                0x0800c1c0                PendSV_Handler
 .text.SysTick_Handler
                0x0800c228       0x44 ./Middlewares/Third_Party/FreeRTOS/Source/portable/GCC/ARM_CM4F/port.o
                0x0800c228                SysTick_Handler
 .text.vPortSetupTimerInterrupt
                0x0800c26c       0x48 ./Middlewares/Third_Party/FreeRTOS/Source/portable/GCC/ARM_CM4F/port.o
                0x0800c26c                vPortSetupTimerInterrupt
 .text.vPortEnableVFP
                0x0800c2b4       0x14 ./Middlewares/Third_Party/FreeRTOS/Source/portable/GCC/ARM_CM4F/port.o
 .text.vPortValidateInterruptPriority
                0x0800c2c8       0x84 ./Middlewares/Third_Party/FreeRTOS/Source/portable/GCC/ARM_CM4F/port.o
                0x0800c2c8                vPortValidateInterruptPriority
 .text.pvPortMalloc
                0x0800c34c      0x19c ./Middlewares/Third_Party/FreeRTOS/Source/portable/MemMang/heap_4.o
                0x0800c34c                pvPortMalloc
 .text.vPortFree
                0x0800c4e8       0xc8 ./Middlewares/Third_Party/FreeRTOS/Source/portable/MemMang/heap_4.o
                0x0800c4e8                vPortFree
 .text.prvHeapInit
                0x0800c5b0       0xc4 ./Middlewares/Third_Party/FreeRTOS/Source/portable/MemMang/heap_4.o
 .text.prvInsertBlockIntoFreeList
                0x0800c674       0xb4 ./Middlewares/Third_Party/FreeRTOS/Source/portable/MemMang/heap_4.o
 .text.MX_USB_HOST_Init
                0x0800c728       0x4c ./USB_HOST/App/usb_host.o
                0x0800c728                MX_USB_HOST_Init
 .text.USBH_UserProcess
                0x0800c774       0x5c ./USB_HOST/App/usb_host.o
 .text.HAL_HCD_MspInit
                0x0800c7d0       0xc4 ./USB_HOST/Target/usbh_conf.o
                0x0800c7d0                HAL_HCD_MspInit
 .text.HAL_HCD_SOF_Callback
                0x0800c894       0x1c ./USB_HOST/Target/usbh_conf.o
                0x0800c894                HAL_HCD_SOF_Callback
 .text.HAL_HCD_Connect_Callback
                0x0800c8b0       0x1c ./USB_HOST/Target/usbh_conf.o
                0x0800c8b0                HAL_HCD_Connect_Callback
 .text.HAL_HCD_Disconnect_Callback
                0x0800c8cc       0x1c ./USB_HOST/Target/usbh_conf.o
                0x0800c8cc                HAL_HCD_Disconnect_Callback
 .text.HAL_HCD_HC_NotifyURBChange_Callback
                0x0800c8e8       0x24 ./USB_HOST/Target/usbh_conf.o
                0x0800c8e8                HAL_HCD_HC_NotifyURBChange_Callback
 .text.HAL_HCD_PortEnabled_Callback
                0x0800c90c       0x1c ./USB_HOST/Target/usbh_conf.o
                0x0800c90c                HAL_HCD_PortEnabled_Callback
 .text.HAL_HCD_PortDisabled_Callback
                0x0800c928       0x1c ./USB_HOST/Target/usbh_conf.o
                0x0800c928                HAL_HCD_PortDisabled_Callback
 .text.USBH_LL_Init
                0x0800c944       0x78 ./USB_HOST/Target/usbh_conf.o
                0x0800c944                USBH_LL_Init
 .text.USBH_LL_Start
                0x0800c9bc       0x36 ./USB_HOST/Target/usbh_conf.o
                0x0800c9bc                USBH_LL_Start
 .text.USBH_LL_Stop
                0x0800c9f2       0x36 ./USB_HOST/Target/usbh_conf.o
                0x0800c9f2                USBH_LL_Stop
 .text.USBH_LL_GetSpeed
                0x0800ca28       0x4e ./USB_HOST/Target/usbh_conf.o
                0x0800ca28                USBH_LL_GetSpeed
 .text.USBH_LL_ResetPort
                0x0800ca76       0x36 ./USB_HOST/Target/usbh_conf.o
                0x0800ca76                USBH_LL_ResetPort
 .text.USBH_LL_GetLastXferSize
                0x0800caac       0x26 ./USB_HOST/Target/usbh_conf.o
                0x0800caac                USBH_LL_GetLastXferSize
 .text.USBH_LL_OpenPipe
                0x0800cad2       0x5e ./USB_HOST/Target/usbh_conf.o
                0x0800cad2                USBH_LL_OpenPipe
 .text.USBH_LL_ClosePipe
                0x0800cb30       0x1a ./USB_HOST/Target/usbh_conf.o
                0x0800cb30                USBH_LL_ClosePipe
 .text.USBH_LL_SubmitURB
                0x0800cb4a       0x62 ./USB_HOST/Target/usbh_conf.o
                0x0800cb4a                USBH_LL_SubmitURB
 .text.USBH_LL_GetURBState
                0x0800cbac       0x26 ./USB_HOST/Target/usbh_conf.o
                0x0800cbac                USBH_LL_GetURBState
 .text.USBH_LL_DriverVBUS
                0x0800cbd2       0x2e ./USB_HOST/Target/usbh_conf.o
                0x0800cbd2                USBH_LL_DriverVBUS
 .text.USBH_LL_SetToggle
                0x0800cc00       0x66 ./USB_HOST/Target/usbh_conf.o
                0x0800cc00                USBH_LL_SetToggle
 .text.USBH_Delay
                0x0800cc66       0x16 ./USB_HOST/Target/usbh_conf.o
                0x0800cc66                USBH_Delay
 .text.USBH_Get_USB_Status
                0x0800cc7c       0x58 ./USB_HOST/Target/usbh_conf.o
                0x0800cc7c                USBH_Get_USB_Status
 .text.MX_DriverVbusFS
                0x0800ccd4       0x38 ./USB_HOST/Target/usbh_platform.o
                0x0800ccd4                MX_DriverVbusFS
 .text.malloc   0x0800cd0c       0x10 D:/ST/STM32CubeIDE_1.19.0/STM32CubeIDE/plugins/com.st.stm32cube.ide.mcu.externaltools.gnu-tools-for-stm32.13.3.rel1.win32_1.0.0.202411081344/tools/bin/../lib/gcc/arm-none-eabi/13.3.1/../../../../arm-none-eabi/lib/thumb/v7e-m+fp/hard\libc_nano.a(libc_a-malloc.o)
                0x0800cd0c                malloc
 .text.free     0x0800cd1c       0x10 D:/ST/STM32CubeIDE_1.19.0/STM32CubeIDE/plugins/com.st.stm32cube.ide.mcu.externaltools.gnu-tools-for-stm32.13.3.rel1.win32_1.0.0.202411081344/tools/bin/../lib/gcc/arm-none-eabi/13.3.1/../../../../arm-none-eabi/lib/thumb/v7e-m+fp/hard\libc_nano.a(libc_a-malloc.o)
                0x0800cd1c                free
 .text.sbrk_aligned
                0x0800cd2c       0x44 D:/ST/STM32CubeIDE_1.19.0/STM32CubeIDE/plugins/com.st.stm32cube.ide.mcu.externaltools.gnu-tools-for-stm32.13.3.rel1.win32_1.0.0.202411081344/tools/bin/../lib/gcc/arm-none-eabi/13.3.1/../../../../arm-none-eabi/lib/thumb/v7e-m+fp/hard\libc_nano.a(libc_a-mallocr.o)
 .text._malloc_r
                0x0800cd70      0x100 D:/ST/STM32CubeIDE_1.19.0/STM32CubeIDE/plugins/com.st.stm32cube.ide.mcu.externaltools.gnu-tools-for-stm32.13.3.rel1.win32_1.0.0.202411081344/tools/bin/../lib/gcc/arm-none-eabi/13.3.1/../../../../arm-none-eabi/lib/thumb/v7e-m+fp/hard\libc_nano.a(libc_a-mallocr.o)
                0x0800cd70                _malloc_r
 .text.__malloc_lock
                0x0800ce70        0xc D:/ST/STM32CubeIDE_1.19.0/STM32CubeIDE/plugins/com.st.stm32cube.ide.mcu.externaltools.gnu-tools-for-stm32.13.3.rel1.win32_1.0.0.202411081344/tools/bin/../lib/gcc/arm-none-eabi/13.3.1/../../../../arm-none-eabi/lib/thumb/v7e-m+fp/hard\libc_nano.a(libc_a-mlock.o)
                0x0800ce70                __malloc_lock
 .text.__malloc_unlock
                0x0800ce7c        0xc D:/ST/STM32CubeIDE_1.19.0/STM32CubeIDE/plugins/com.st.stm32cube.ide.mcu.externaltools.gnu-tools-for-stm32.13.3.rel1.win32_1.0.0.202411081344/tools/bin/../lib/gcc/arm-none-eabi/13.3.1/../../../../arm-none-eabi/lib/thumb/v7e-m+fp/hard\libc_nano.a(libc_a-mlock.o)
                0x0800ce7c                __malloc_unlock
 .text.std      0x0800ce88       0x6c D:/ST/STM32CubeIDE_1.19.0/STM32CubeIDE/plugins/com.st.stm32cube.ide.mcu.externaltools.gnu-tools-for-stm32.13.3.rel1.win32_1.0.0.202411081344/tools/bin/../lib/gcc/arm-none-eabi/13.3.1/../../../../arm-none-eabi/lib/thumb/v7e-m+fp/hard\libc_nano.a(libc_a-findfp.o)
 .text.stdio_exit_handler
                0x0800cef4       0x18 D:/ST/STM32CubeIDE_1.19.0/STM32CubeIDE/plugins/com.st.stm32cube.ide.mcu.externaltools.gnu-tools-for-stm32.13.3.rel1.win32_1.0.0.202411081344/tools/bin/../lib/gcc/arm-none-eabi/13.3.1/../../../../arm-none-eabi/lib/thumb/v7e-m+fp/hard\libc_nano.a(libc_a-findfp.o)
 .text.cleanup_stdio
                0x0800cf0c       0x40 D:/ST/STM32CubeIDE_1.19.0/STM32CubeIDE/plugins/com.st.stm32cube.ide.mcu.externaltools.gnu-tools-for-stm32.13.3.rel1.win32_1.0.0.202411081344/tools/bin/../lib/gcc/arm-none-eabi/13.3.1/../../../../arm-none-eabi/lib/thumb/v7e-m+fp/hard\libc_nano.a(libc_a-findfp.o)
 .text.global_stdio_init.part.0
                0x0800cf4c       0x3c D:/ST/STM32CubeIDE_1.19.0/STM32CubeIDE/plugins/com.st.stm32cube.ide.mcu.externaltools.gnu-tools-for-stm32.13.3.rel1.win32_1.0.0.202411081344/tools/bin/../lib/gcc/arm-none-eabi/13.3.1/../../../../arm-none-eabi/lib/thumb/v7e-m+fp/hard\libc_nano.a(libc_a-findfp.o)
 .text.__sfp_lock_acquire
                0x0800cf88        0xc D:/ST/STM32CubeIDE_1.19.0/STM32CubeIDE/plugins/com.st.stm32cube.ide.mcu.externaltools.gnu-tools-for-stm32.13.3.rel1.win32_1.0.0.202411081344/tools/bin/../lib/gcc/arm-none-eabi/13.3.1/../../../../arm-none-eabi/lib/thumb/v7e-m+fp/hard\libc_nano.a(libc_a-findfp.o)
                0x0800cf88                __sfp_lock_acquire
 .text.__sfp_lock_release
                0x0800cf94        0xc D:/ST/STM32CubeIDE_1.19.0/STM32CubeIDE/plugins/com.st.stm32cube.ide.mcu.externaltools.gnu-tools-for-stm32.13.3.rel1.win32_1.0.0.202411081344/tools/bin/../lib/gcc/arm-none-eabi/13.3.1/../../../../arm-none-eabi/lib/thumb/v7e-m+fp/hard\libc_nano.a(libc_a-findfp.o)
                0x0800cf94                __sfp_lock_release
 .text.__sinit  0x0800cfa0       0x30 D:/ST/STM32CubeIDE_1.19.0/STM32CubeIDE/plugins/com.st.stm32cube.ide.mcu.externaltools.gnu-tools-for-stm32.13.3.rel1.win32_1.0.0.202411081344/tools/bin/../lib/gcc/arm-none-eabi/13.3.1/../../../../arm-none-eabi/lib/thumb/v7e-m+fp/hard\libc_nano.a(libc_a-findfp.o)
                0x0800cfa0                __sinit
 .text._fwalk_sglue
                0x0800cfd0       0x3c D:/ST/STM32CubeIDE_1.19.0/STM32CubeIDE/plugins/com.st.stm32cube.ide.mcu.externaltools.gnu-tools-for-stm32.13.3.rel1.win32_1.0.0.202411081344/tools/bin/../lib/gcc/arm-none-eabi/13.3.1/../../../../arm-none-eabi/lib/thumb/v7e-m+fp/hard\libc_nano.a(libc_a-fwalk.o)
                0x0800cfd0                _fwalk_sglue
 .text._puts_r  0x0800d00c       0xaa D:/ST/STM32CubeIDE_1.19.0/STM32CubeIDE/plugins/com.st.stm32cube.ide.mcu.externaltools.gnu-tools-for-stm32.13.3.rel1.win32_1.0.0.202411081344/tools/bin/../lib/gcc/arm-none-eabi/13.3.1/../../../../arm-none-eabi/lib/thumb/v7e-m+fp/hard\libc_nano.a(libc_a-puts.o)
                0x0800d00c                _puts_r
 *fill*         0x0800d0b6        0x2 
 .text.puts     0x0800d0b8       0x10 D:/ST/STM32CubeIDE_1.19.0/STM32CubeIDE/plugins/com.st.stm32cube.ide.mcu.externaltools.gnu-tools-for-stm32.13.3.rel1.win32_1.0.0.202411081344/tools/bin/../lib/gcc/arm-none-eabi/13.3.1/../../../../arm-none-eabi/lib/thumb/v7e-m+fp/hard\libc_nano.a(libc_a-puts.o)
                0x0800d0b8                puts
 .text.__sread  0x0800d0c8       0x22 D:/ST/STM32CubeIDE_1.19.0/STM32CubeIDE/plugins/com.st.stm32cube.ide.mcu.externaltools.gnu-tools-for-stm32.13.3.rel1.win32_1.0.0.202411081344/tools/bin/../lib/gcc/arm-none-eabi/13.3.1/../../../../arm-none-eabi/lib/thumb/v7e-m+fp/hard\libc_nano.a(libc_a-stdio.o)
                0x0800d0c8                __sread
 .text.__swrite
                0x0800d0ea       0x38 D:/ST/STM32CubeIDE_1.19.0/STM32CubeIDE/plugins/com.st.stm32cube.ide.mcu.externaltools.gnu-tools-for-stm32.13.3.rel1.win32_1.0.0.202411081344/tools/bin/../lib/gcc/arm-none-eabi/13.3.1/../../../../arm-none-eabi/lib/thumb/v7e-m+fp/hard\libc_nano.a(libc_a-stdio.o)
                0x0800d0ea                __swrite
 .text.__sseek  0x0800d122       0x24 D:/ST/STM32CubeIDE_1.19.0/STM32CubeIDE/plugins/com.st.stm32cube.ide.mcu.externaltools.gnu-tools-for-stm32.13.3.rel1.win32_1.0.0.202411081344/tools/bin/../lib/gcc/arm-none-eabi/13.3.1/../../../../arm-none-eabi/lib/thumb/v7e-m+fp/hard\libc_nano.a(libc_a-stdio.o)
                0x0800d122                __sseek
 .text.__sclose
                0x0800d146        0x8 D:/ST/STM32CubeIDE_1.19.0/STM32CubeIDE/plugins/com.st.stm32cube.ide.mcu.externaltools.gnu-tools-for-stm32.13.3.rel1.win32_1.0.0.202411081344/tools/bin/../lib/gcc/arm-none-eabi/13.3.1/../../../../arm-none-eabi/lib/thumb/v7e-m+fp/hard\libc_nano.a(libc_a-stdio.o)
                0x0800d146                __sclose
 .text.__swbuf_r
                0x0800d14e       0x7c D:/ST/STM32CubeIDE_1.19.0/STM32CubeIDE/plugins/com.st.stm32cube.ide.mcu.externaltools.gnu-tools-for-stm32.13.3.rel1.win32_1.0.0.202411081344/tools/bin/../lib/gcc/arm-none-eabi/13.3.1/../../../../arm-none-eabi/lib/thumb/v7e-m+fp/hard\libc_nano.a(libc_a-wbuf.o)
                0x0800d14e                __swbuf_r
 *fill*         0x0800d1ca        0x2 
 .text.__swsetup_r
                0x0800d1cc       0xac D:/ST/STM32CubeIDE_1.19.0/STM32CubeIDE/plugins/com.st.stm32cube.ide.mcu.externaltools.gnu-tools-for-stm32.13.3.rel1.win32_1.0.0.202411081344/tools/bin/../lib/gcc/arm-none-eabi/13.3.1/../../../../arm-none-eabi/lib/thumb/v7e-m+fp/hard\libc_nano.a(libc_a-wsetup.o)
                0x0800d1cc                __swsetup_r
 .text.memset   0x0800d278       0x10 D:/ST/STM32CubeIDE_1.19.0/STM32CubeIDE/plugins/com.st.stm32cube.ide.mcu.externaltools.gnu-tools-for-stm32.13.3.rel1.win32_1.0.0.202411081344/tools/bin/../lib/gcc/arm-none-eabi/13.3.1/../../../../arm-none-eabi/lib/thumb/v7e-m+fp/hard\libc_nano.a(libc_a-memset.o)
                0x0800d278                memset
 .text._close_r
                0x0800d288       0x20 D:/ST/STM32CubeIDE_1.19.0/STM32CubeIDE/plugins/com.st.stm32cube.ide.mcu.externaltools.gnu-tools-for-stm32.13.3.rel1.win32_1.0.0.202411081344/tools/bin/../lib/gcc/arm-none-eabi/13.3.1/../../../../arm-none-eabi/lib/thumb/v7e-m+fp/hard\libc_nano.a(libc_a-closer.o)
                0x0800d288                _close_r
 .text._reclaim_reent
                0x0800d2a8       0xbc D:/ST/STM32CubeIDE_1.19.0/STM32CubeIDE/plugins/com.st.stm32cube.ide.mcu.externaltools.gnu-tools-for-stm32.13.3.rel1.win32_1.0.0.202411081344/tools/bin/../lib/gcc/arm-none-eabi/13.3.1/../../../../arm-none-eabi/lib/thumb/v7e-m+fp/hard\libc_nano.a(libc_a-reent.o)
                0x0800d2a8                _reclaim_reent
 .text._lseek_r
                0x0800d364       0x24 D:/ST/STM32CubeIDE_1.19.0/STM32CubeIDE/plugins/com.st.stm32cube.ide.mcu.externaltools.gnu-tools-for-stm32.13.3.rel1.win32_1.0.0.202411081344/tools/bin/../lib/gcc/arm-none-eabi/13.3.1/../../../../arm-none-eabi/lib/thumb/v7e-m+fp/hard\libc_nano.a(libc_a-lseekr.o)
                0x0800d364                _lseek_r
 .text._read_r  0x0800d388       0x24 D:/ST/STM32CubeIDE_1.19.0/STM32CubeIDE/plugins/com.st.stm32cube.ide.mcu.externaltools.gnu-tools-for-stm32.13.3.rel1.win32_1.0.0.202411081344/tools/bin/../lib/gcc/arm-none-eabi/13.3.1/../../../../arm-none-eabi/lib/thumb/v7e-m+fp/hard\libc_nano.a(libc_a-readr.o)
                0x0800d388                _read_r
 .text._sbrk_r  0x0800d3ac       0x20 D:/ST/STM32CubeIDE_1.19.0/STM32CubeIDE/plugins/com.st.stm32cube.ide.mcu.externaltools.gnu-tools-for-stm32.13.3.rel1.win32_1.0.0.202411081344/tools/bin/../lib/gcc/arm-none-eabi/13.3.1/../../../../arm-none-eabi/lib/thumb/v7e-m+fp/hard\libc_nano.a(libc_a-sbrkr.o)
                0x0800d3ac                _sbrk_r
 .text._write_r
                0x0800d3cc       0x24 D:/ST/STM32CubeIDE_1.19.0/STM32CubeIDE/plugins/com.st.stm32cube.ide.mcu.externaltools.gnu-tools-for-stm32.13.3.rel1.win32_1.0.0.202411081344/tools/bin/../lib/gcc/arm-none-eabi/13.3.1/../../../../arm-none-eabi/lib/thumb/v7e-m+fp/hard\libc_nano.a(libc_a-writer.o)
                0x0800d3cc                _write_r
 .text.__errno  0x0800d3f0        0xc D:/ST/STM32CubeIDE_1.19.0/STM32CubeIDE/plugins/com.st.stm32cube.ide.mcu.externaltools.gnu-tools-for-stm32.13.3.rel1.win32_1.0.0.202411081344/tools/bin/../lib/gcc/arm-none-eabi/13.3.1/../../../../arm-none-eabi/lib/thumb/v7e-m+fp/hard\libc_nano.a(libc_a-errno.o)
                0x0800d3f0                __errno
 .text.__libc_init_array
                0x0800d3fc       0x48 D:/ST/STM32CubeIDE_1.19.0/STM32CubeIDE/plugins/com.st.stm32cube.ide.mcu.externaltools.gnu-tools-for-stm32.13.3.rel1.win32_1.0.0.202411081344/tools/bin/../lib/gcc/arm-none-eabi/13.3.1/../../../../arm-none-eabi/lib/thumb/v7e-m+fp/hard\libc_nano.a(libc_a-init.o)
                0x0800d3fc                __libc_init_array
 .text.__retarget_lock_init_recursive
                0x0800d444        0x2 D:/ST/STM32CubeIDE_1.19.0/STM32CubeIDE/plugins/com.st.stm32cube.ide.mcu.externaltools.gnu-tools-for-stm32.13.3.rel1.win32_1.0.0.202411081344/tools/bin/../lib/gcc/arm-none-eabi/13.3.1/../../../../arm-none-eabi/lib/thumb/v7e-m+fp/hard\libc_nano.a(libc_a-lock.o)
                0x0800d444                __retarget_lock_init_recursive
 .text.__retarget_lock_acquire_recursive
                0x0800d446        0x2 D:/ST/STM32CubeIDE_1.19.0/STM32CubeIDE/plugins/com.st.stm32cube.ide.mcu.externaltools.gnu-tools-for-stm32.13.3.rel1.win32_1.0.0.202411081344/tools/bin/../lib/gcc/arm-none-eabi/13.3.1/../../../../arm-none-eabi/lib/thumb/v7e-m+fp/hard\libc_nano.a(libc_a-lock.o)
                0x0800d446                __retarget_lock_acquire_recursive
 .text.__retarget_lock_release_recursive
                0x0800d448        0x2 D:/ST/STM32CubeIDE_1.19.0/STM32CubeIDE/plugins/com.st.stm32cube.ide.mcu.externaltools.gnu-tools-for-stm32.13.3.rel1.win32_1.0.0.202411081344/tools/bin/../lib/gcc/arm-none-eabi/13.3.1/../../../../arm-none-eabi/lib/thumb/v7e-m+fp/hard\libc_nano.a(libc_a-lock.o)
                0x0800d448                __retarget_lock_release_recursive
 .text.memcpy   0x0800d44a       0x1c D:/ST/STM32CubeIDE_1.19.0/STM32CubeIDE/plugins/com.st.stm32cube.ide.mcu.externaltools.gnu-tools-for-stm32.13.3.rel1.win32_1.0.0.202411081344/tools/bin/../lib/gcc/arm-none-eabi/13.3.1/../../../../arm-none-eabi/lib/thumb/v7e-m+fp/hard\libc_nano.a(libc_a-memcpy-stub.o)
                0x0800d44a                memcpy
 *fill*         0x0800d466        0x2 
 .text._free_r  0x0800d468       0x94 D:/ST/STM32CubeIDE_1.19.0/STM32CubeIDE/plugins/com.st.stm32cube.ide.mcu.externaltools.gnu-tools-for-stm32.13.3.rel1.win32_1.0.0.202411081344/tools/bin/../lib/gcc/arm-none-eabi/13.3.1/../../../../arm-none-eabi/lib/thumb/v7e-m+fp/hard\libc_nano.a(libc_a-freer.o)
                0x0800d468                _free_r
 .text.__sflush_r
                0x0800d4fc      0x108 D:/ST/STM32CubeIDE_1.19.0/STM32CubeIDE/plugins/com.st.stm32cube.ide.mcu.externaltools.gnu-tools-for-stm32.13.3.rel1.win32_1.0.0.202411081344/tools/bin/../lib/gcc/arm-none-eabi/13.3.1/../../../../arm-none-eabi/lib/thumb/v7e-m+fp/hard\libc_nano.a(libc_a-fflush.o)
                0x0800d4fc                __sflush_r
 .text._fflush_r
                0x0800d604       0x50 D:/ST/STM32CubeIDE_1.19.0/STM32CubeIDE/plugins/com.st.stm32cube.ide.mcu.externaltools.gnu-tools-for-stm32.13.3.rel1.win32_1.0.0.202411081344/tools/bin/../lib/gcc/arm-none-eabi/13.3.1/../../../../arm-none-eabi/lib/thumb/v7e-m+fp/hard\libc_nano.a(libc_a-fflush.o)
                0x0800d604                _fflush_r
 .text.__swhatbuf_r
                0x0800d654       0x4c D:/ST/STM32CubeIDE_1.19.0/STM32CubeIDE/plugins/com.st.stm32cube.ide.mcu.externaltools.gnu-tools-for-stm32.13.3.rel1.win32_1.0.0.202411081344/tools/bin/../lib/gcc/arm-none-eabi/13.3.1/../../../../arm-none-eabi/lib/thumb/v7e-m+fp/hard\libc_nano.a(libc_a-makebuf.o)
                0x0800d654                __swhatbuf_r
 .text.__smakebuf_r
                0x0800d6a0       0x78 D:/ST/STM32CubeIDE_1.19.0/STM32CubeIDE/plugins/com.st.stm32cube.ide.mcu.externaltools.gnu-tools-for-stm32.13.3.rel1.win32_1.0.0.202411081344/tools/bin/../lib/gcc/arm-none-eabi/13.3.1/../../../../arm-none-eabi/lib/thumb/v7e-m+fp/hard\libc_nano.a(libc_a-makebuf.o)
                0x0800d6a0                __smakebuf_r
 .text._fstat_r
                0x0800d718       0x24 D:/ST/STM32CubeIDE_1.19.0/STM32CubeIDE/plugins/com.st.stm32cube.ide.mcu.externaltools.gnu-tools-for-stm32.13.3.rel1.win32_1.0.0.202411081344/tools/bin/../lib/gcc/arm-none-eabi/13.3.1/../../../../arm-none-eabi/lib/thumb/v7e-m+fp/hard\libc_nano.a(libc_a-fstatr.o)
                0x0800d718                _fstat_r
 .text._isatty_r
                0x0800d73c       0x20 D:/ST/STM32CubeIDE_1.19.0/STM32CubeIDE/plugins/com.st.stm32cube.ide.mcu.externaltools.gnu-tools-for-stm32.13.3.rel1.win32_1.0.0.202411081344/tools/bin/../lib/gcc/arm-none-eabi/13.3.1/../../../../arm-none-eabi/lib/thumb/v7e-m+fp/hard\libc_nano.a(libc_a-isattyr.o)
                0x0800d73c                _isatty_r
 *(.glue_7)
 .glue_7        0x0800d75c        0x0 linker stubs
 *(.glue_7t)
 .glue_7t       0x0800d75c        0x0 linker stubs
 *(.eh_frame)
 .eh_frame      0x0800d75c        0x0 D:/ST/STM32CubeIDE_1.19.0/STM32CubeIDE/plugins/com.st.stm32cube.ide.mcu.externaltools.gnu-tools-for-stm32.13.3.rel1.win32_1.0.0.202411081344/tools/bin/../lib/gcc/arm-none-eabi/13.3.1/thumb/v7e-m+fp/hard/crtbegin.o
 *(.init)
 .init          0x0800d75c        0x4 D:/ST/STM32CubeIDE_1.19.0/STM32CubeIDE/plugins/com.st.stm32cube.ide.mcu.externaltools.gnu-tools-for-stm32.13.3.rel1.win32_1.0.0.202411081344/tools/bin/../lib/gcc/arm-none-eabi/13.3.1/thumb/v7e-m+fp/hard/crti.o
                0x0800d75c                _init
 .init          0x0800d760        0x8 D:/ST/STM32CubeIDE_1.19.0/STM32CubeIDE/plugins/com.st.stm32cube.ide.mcu.externaltools.gnu-tools-for-stm32.13.3.rel1.win32_1.0.0.202411081344/tools/bin/../lib/gcc/arm-none-eabi/13.3.1/thumb/v7e-m+fp/hard/crtn.o
 *(.fini)
 .fini          0x0800d768        0x4 D:/ST/STM32CubeIDE_1.19.0/STM32CubeIDE/plugins/com.st.stm32cube.ide.mcu.externaltools.gnu-tools-for-stm32.13.3.rel1.win32_1.0.0.202411081344/tools/bin/../lib/gcc/arm-none-eabi/13.3.1/thumb/v7e-m+fp/hard/crti.o
                0x0800d768                _fini
 .fini          0x0800d76c        0x8 D:/ST/STM32CubeIDE_1.19.0/STM32CubeIDE/plugins/com.st.stm32cube.ide.mcu.externaltools.gnu-tools-for-stm32.13.3.rel1.win32_1.0.0.202411081344/tools/bin/../lib/gcc/arm-none-eabi/13.3.1/thumb/v7e-m+fp/hard/crtn.o
                0x0800d774                        . = ALIGN (0x4)
                0x0800d774                        _etext = .

.vfp11_veneer   0x0800d774        0x0
 .vfp11_veneer  0x0800d774        0x0 linker stubs

.v4_bx          0x0800d774        0x0
 .v4_bx         0x0800d774        0x0 linker stubs

.iplt           0x0800d774        0x0
 .iplt          0x0800d774        0x0 D:/ST/STM32CubeIDE_1.19.0/STM32CubeIDE/plugins/com.st.stm32cube.ide.mcu.externaltools.gnu-tools-for-stm32.13.3.rel1.win32_1.0.0.202411081344/tools/bin/../lib/gcc/arm-none-eabi/13.3.1/thumb/v7e-m+fp/hard/crtbegin.o

.rodata         0x0800d774      0xf00
                0x0800d774                        . = ALIGN (0x4)
 *(.rodata)
 .rodata        0x0800d774       0x7c ./Core/Src/freertos.o
 .rodata        0x0800d7f0       0x32 ./Core/Src/main.o
 *fill*         0x0800d822        0x2 
 .rodata        0x0800d824       0x97 ./Core/Src/st7789.o
 *fill*         0x0800d8bb        0x1 
 .rodata        0x0800d8bc        0x4 ./Middlewares/ST/STM32_USB_Host_Library/Class/CDC/Src/usbh_cdc.o
 .rodata        0x0800d8c0       0x38 ./Middlewares/ST/STM32_USB_Host_Library/Core/Src/usbh_core.o
 .rodata        0x0800d8f8        0x5 ./Middlewares/Third_Party/FreeRTOS/Source/tasks.o
 *(.rodata*)
 *fill*         0x0800d8fd        0x3 
 .rodata.Font11x18
                0x0800d900      0xd5c ./Core/Src/fonts.o
 .rodata.AHBPrescTable
                0x0800e65c       0x10 ./Core/Src/system_stm32f4xx.o
                0x0800e65c                AHBPrescTable
 .rodata.APBPrescTable
                0x0800e66c        0x8 ./Core/Src/system_stm32f4xx.o
                0x0800e66c                APBPrescTable
                0x0800e674                        . = ALIGN (0x4)

.ARM.extab      0x0800e674        0x0
                0x0800e674                        . = ALIGN (0x4)
 *(.ARM.extab* .gnu.linkonce.armextab.*)
                0x0800e674                        . = ALIGN (0x4)

.ARM            0x0800e674        0x8
                0x0800e674                        . = ALIGN (0x4)
                0x0800e674                        __exidx_start = .
 *(.ARM.exidx*)
 .ARM.exidx     0x0800e674        0x8 D:/ST/STM32CubeIDE_1.19.0/STM32CubeIDE/plugins/com.st.stm32cube.ide.mcu.externaltools.gnu-tools-for-stm32.13.3.rel1.win32_1.0.0.202411081344/tools/bin/../lib/gcc/arm-none-eabi/13.3.1/thumb/v7e-m+fp/hard\libgcc.a(_udivmoddi4.o)
                0x0800e67c                        __exidx_end = .
                0x0800e67c                        . = ALIGN (0x4)

.preinit_array  0x0800e67c        0x0
                0x0800e67c                        . = ALIGN (0x4)
                0x0800e67c                        PROVIDE (__preinit_array_start = .)
 *(.preinit_array*)
                0x0800e67c                        PROVIDE (__preinit_array_end = .)
                0x0800e67c                        . = ALIGN (0x4)

.init_array     0x0800e67c        0x4
                0x0800e67c                        . = ALIGN (0x4)
                0x0800e67c                        PROVIDE (__init_array_start = .)
 *(SORT_BY_NAME(.init_array.*))
 *(.init_array*)
 .init_array    0x0800e67c        0x4 D:/ST/STM32CubeIDE_1.19.0/STM32CubeIDE/plugins/com.st.stm32cube.ide.mcu.externaltools.gnu-tools-for-stm32.13.3.rel1.win32_1.0.0.202411081344/tools/bin/../lib/gcc/arm-none-eabi/13.3.1/thumb/v7e-m+fp/hard/crtbegin.o
                0x0800e680                        PROVIDE (__init_array_end = .)
                0x0800e680                        . = ALIGN (0x4)

.fini_array     0x0800e680        0x4
                0x0800e680                        . = ALIGN (0x4)
                [!provide]                        PROVIDE (__fini_array_start = .)
 *(SORT_BY_NAME(.fini_array.*))
 *(.fini_array*)
 .fini_array    0x0800e680        0x4 D:/ST/STM32CubeIDE_1.19.0/STM32CubeIDE/plugins/com.st.stm32cube.ide.mcu.externaltools.gnu-tools-for-stm32.13.3.rel1.win32_1.0.0.202411081344/tools/bin/../lib/gcc/arm-none-eabi/13.3.1/thumb/v7e-m+fp/hard/crtbegin.o
                [!provide]                        PROVIDE (__fini_array_end = .)
                0x0800e684                        . = ALIGN (0x4)
                0x0800e684                        _sidata = LOADADDR (.data)

.rel.dyn        0x0800e684        0x0
 .rel.iplt      0x0800e684        0x0 D:/ST/STM32CubeIDE_1.19.0/STM32CubeIDE/plugins/com.st.stm32cube.ide.mcu.externaltools.gnu-tools-for-stm32.13.3.rel1.win32_1.0.0.202411081344/tools/bin/../lib/gcc/arm-none-eabi/13.3.1/thumb/v7e-m+fp/hard/crtbegin.o

.data           0x20000000       0x94 load address 0x0800e684
                0x20000000                        . = ALIGN (0x4)
                0x20000000                        _sdata = .
 *(.data)
 *(.data*)
 .data.Font_11x18
                0x20000000        0x8 ./Core/Src/fonts.o
                0x20000000                Font_11x18
 .data.SystemCoreClock
                0x20000008        0x4 ./Core/Src/system_stm32f4xx.o
                0x20000008                SystemCoreClock
 .data.uwTickPrio
                0x2000000c        0x4 ./Drivers/STM32F4xx_HAL_Driver/Src/stm32f4xx_hal.o
                0x2000000c                uwTickPrio
 .data.uwTickFreq
                0x20000010        0x1 ./Drivers/STM32F4xx_HAL_Driver/Src/stm32f4xx_hal.o
                0x20000010                uwTickFreq
 *fill*         0x20000011        0x3 
 .data.CDC_Class
                0x20000014       0x20 ./Middlewares/ST/STM32_USB_Host_Library/Class/CDC/Src/usbh_cdc.o
                0x20000014                CDC_Class
 .data.uxCriticalNesting
                0x20000034        0x4 ./Middlewares/Third_Party/FreeRTOS/Source/portable/GCC/ARM_CM4F/port.o
 .data.__sglue  0x20000038        0xc D:/ST/STM32CubeIDE_1.19.0/STM32CubeIDE/plugins/com.st.stm32cube.ide.mcu.externaltools.gnu-tools-for-stm32.13.3.rel1.win32_1.0.0.202411081344/tools/bin/../lib/gcc/arm-none-eabi/13.3.1/../../../../arm-none-eabi/lib/thumb/v7e-m+fp/hard\libc_nano.a(libc_a-findfp.o)
                0x20000038                __sglue
 .data._impure_ptr
                0x20000044        0x4 D:/ST/STM32CubeIDE_1.19.0/STM32CubeIDE/plugins/com.st.stm32cube.ide.mcu.externaltools.gnu-tools-for-stm32.13.3.rel1.win32_1.0.0.202411081344/tools/bin/../lib/gcc/arm-none-eabi/13.3.1/../../../../arm-none-eabi/lib/thumb/v7e-m+fp/hard\libc_nano.a(libc_a-impure.o)
                0x20000044                _impure_ptr
 .data._impure_data
                0x20000048       0x4c D:/ST/STM32CubeIDE_1.19.0/STM32CubeIDE/plugins/com.st.stm32cube.ide.mcu.externaltools.gnu-tools-for-stm32.13.3.rel1.win32_1.0.0.202411081344/tools/bin/../lib/gcc/arm-none-eabi/13.3.1/../../../../arm-none-eabi/lib/thumb/v7e-m+fp/hard\libc_nano.a(libc_a-impure.o)
                0x20000048                _impure_data
 *(.RamFunc)
 *(.RamFunc*)
                0x20000094                        . = ALIGN (0x4)
                0x20000094                        _edata = .

.igot.plt       0x20000094        0x0 load address 0x0800e718
 .igot.plt      0x20000094        0x0 D:/ST/STM32CubeIDE_1.19.0/STM32CubeIDE/plugins/com.st.stm32cube.ide.mcu.externaltools.gnu-tools-for-stm32.13.3.rel1.win32_1.0.0.202411081344/tools/bin/../lib/gcc/arm-none-eabi/13.3.1/thumb/v7e-m+fp/hard/crtbegin.o
                0x20000094                        . = ALIGN (0x4)

.bss            0x20000094     0x4a2c load address 0x0800e718
                0x20000094                        _sbss = .
                0x20000094                        __bss_start__ = _sbss
 *(.bss)
 .bss           0x20000094       0x1c D:/ST/STM32CubeIDE_1.19.0/STM32CubeIDE/plugins/com.st.stm32cube.ide.mcu.externaltools.gnu-tools-for-stm32.13.3.rel1.win32_1.0.0.202411081344/tools/bin/../lib/gcc/arm-none-eabi/13.3.1/thumb/v7e-m+fp/hard/crtbegin.o
 *(.bss*)
 .bss.defaultTaskHandle
                0x200000b0        0x4 ./Core/Src/freertos.o
                0x200000b0                defaultTaskHandle
 .bss.batterygau_taskHandle
                0x200000b4        0x4 ./Core/Src/freertos.o
                0x200000b4                batterygau_taskHandle
 .bss.LCD_taskHandle
                0x200000b8        0x4 ./Core/Src/freertos.o
                0x200000b8                LCD_taskHandle
 .bss.xIdleTaskTCBBuffer
                0x200000bc       0xa0 ./Core/Src/freertos.o
 .bss.xIdleStack
                0x2000015c      0x200 ./Core/Src/freertos.o
 .bss.hi2c1     0x2000035c       0x54 ./Core/Src/i2c.o
                0x2000035c                hi2c1
 .bss.hspi1     0x200003b0       0x58 ./Core/Src/spi.o
                0x200003b0                hspi1
 .bss.htim1     0x20000408       0x48 ./Core/Src/stm32f4xx_hal_timebase_tim.o
                0x20000408                htim1
 .bss.__sbrk_heap_end
                0x20000450        0x4 ./Core/Src/sysmem.o
 .bss.uwTick    0x20000454        0x4 ./Drivers/STM32F4xx_HAL_Driver/Src/stm32f4xx_hal.o
                0x20000454                uwTick
 .bss.pxCurrentTCB
                0x20000458        0x4 ./Middlewares/Third_Party/FreeRTOS/Source/tasks.o
                0x20000458                pxCurrentTCB
 .bss.pxReadyTasksLists
                0x2000045c       0x8c ./Middlewares/Third_Party/FreeRTOS/Source/tasks.o
 .bss.xDelayedTaskList1
                0x200004e8       0x14 ./Middlewares/Third_Party/FreeRTOS/Source/tasks.o
 .bss.xDelayedTaskList2
                0x200004fc       0x14 ./Middlewares/Third_Party/FreeRTOS/Source/tasks.o
 .bss.pxDelayedTaskList
                0x20000510        0x4 ./Middlewares/Third_Party/FreeRTOS/Source/tasks.o
 .bss.pxOverflowDelayedTaskList
                0x20000514        0x4 ./Middlewares/Third_Party/FreeRTOS/Source/tasks.o
 .bss.xPendingReadyList
                0x20000518       0x14 ./Middlewares/Third_Party/FreeRTOS/Source/tasks.o
 .bss.xTasksWaitingTermination
                0x2000052c       0x14 ./Middlewares/Third_Party/FreeRTOS/Source/tasks.o
 .bss.uxDeletedTasksWaitingCleanUp
                0x20000540        0x4 ./Middlewares/Third_Party/FreeRTOS/Source/tasks.o
 .bss.xSuspendedTaskList
                0x20000544       0x14 ./Middlewares/Third_Party/FreeRTOS/Source/tasks.o
 .bss.uxCurrentNumberOfTasks
                0x20000558        0x4 ./Middlewares/Third_Party/FreeRTOS/Source/tasks.o
 .bss.xTickCount
                0x2000055c        0x4 ./Middlewares/Third_Party/FreeRTOS/Source/tasks.o
 .bss.uxTopReadyPriority
                0x20000560        0x4 ./Middlewares/Third_Party/FreeRTOS/Source/tasks.o
 .bss.xSchedulerRunning
                0x20000564        0x4 ./Middlewares/Third_Party/FreeRTOS/Source/tasks.o
 .bss.xPendedTicks
                0x20000568        0x4 ./Middlewares/Third_Party/FreeRTOS/Source/tasks.o
 .bss.xYieldPending
                0x2000056c        0x4 ./Middlewares/Third_Party/FreeRTOS/Source/tasks.o
 .bss.xNumOfOverflows
                0x20000570        0x4 ./Middlewares/Third_Party/FreeRTOS/Source/tasks.o
 .bss.uxTaskNumber
                0x20000574        0x4 ./Middlewares/Third_Party/FreeRTOS/Source/tasks.o
 .bss.xNextTaskUnblockTime
                0x20000578        0x4 ./Middlewares/Third_Party/FreeRTOS/Source/tasks.o
 .bss.xIdleTaskHandle
                0x2000057c        0x4 ./Middlewares/Third_Party/FreeRTOS/Source/tasks.o
 .bss.uxSchedulerSuspended
                0x20000580        0x4 ./Middlewares/Third_Party/FreeRTOS/Source/tasks.o
 .bss.ucMaxSysCallPriority
                0x20000584        0x1 ./Middlewares/Third_Party/FreeRTOS/Source/portable/GCC/ARM_CM4F/port.o
 *fill*         0x20000585        0x3 
 .bss.ulMaxPRIGROUPValue
                0x20000588        0x4 ./Middlewares/Third_Party/FreeRTOS/Source/portable/GCC/ARM_CM4F/port.o
 .bss.ucHeap    0x2000058c     0x3c00 ./Middlewares/Third_Party/FreeRTOS/Source/portable/MemMang/heap_4.o
 .bss.xStart    0x2000418c        0x8 ./Middlewares/Third_Party/FreeRTOS/Source/portable/MemMang/heap_4.o
 .bss.pxEnd     0x20004194        0x4 ./Middlewares/Third_Party/FreeRTOS/Source/portable/MemMang/heap_4.o
 .bss.xFreeBytesRemaining
                0x20004198        0x4 ./Middlewares/Third_Party/FreeRTOS/Source/portable/MemMang/heap_4.o
 .bss.xMinimumEverFreeBytesRemaining
                0x2000419c        0x4 ./Middlewares/Third_Party/FreeRTOS/Source/portable/MemMang/heap_4.o
 .bss.xNumberOfSuccessfulAllocations
                0x200041a0        0x4 ./Middlewares/Third_Party/FreeRTOS/Source/portable/MemMang/heap_4.o
 .bss.xNumberOfSuccessfulFrees
                0x200041a4        0x4 ./Middlewares/Third_Party/FreeRTOS/Source/portable/MemMang/heap_4.o
 .bss.xBlockAllocatedBit
                0x200041a8        0x4 ./Middlewares/Third_Party/FreeRTOS/Source/portable/MemMang/heap_4.o
 .bss.hUsbHostFS
                0x200041ac      0x3e4 ./USB_HOST/App/usb_host.o
                0x200041ac                hUsbHostFS
 .bss.Appli_state
                0x20004590        0x1 ./USB_HOST/App/usb_host.o
                0x20004590                Appli_state
 *fill*         0x20004591        0x3 
 .bss.hhcd_USB_OTG_FS
                0x20004594      0x3e0 ./USB_HOST/Target/usbh_conf.o
                0x20004594                hhcd_USB_OTG_FS
 .bss.__malloc_sbrk_start
                0x20004974        0x4 D:/ST/STM32CubeIDE_1.19.0/STM32CubeIDE/plugins/com.st.stm32cube.ide.mcu.externaltools.gnu-tools-for-stm32.13.3.rel1.win32_1.0.0.202411081344/tools/bin/../lib/gcc/arm-none-eabi/13.3.1/../../../../arm-none-eabi/lib/thumb/v7e-m+fp/hard\libc_nano.a(libc_a-mallocr.o)
                0x20004974                __malloc_sbrk_start
 .bss.__malloc_free_list
                0x20004978        0x4 D:/ST/STM32CubeIDE_1.19.0/STM32CubeIDE/plugins/com.st.stm32cube.ide.mcu.externaltools.gnu-tools-for-stm32.13.3.rel1.win32_1.0.0.202411081344/tools/bin/../lib/gcc/arm-none-eabi/13.3.1/../../../../arm-none-eabi/lib/thumb/v7e-m+fp/hard\libc_nano.a(libc_a-mallocr.o)
                0x20004978                __malloc_free_list
 .bss.__sf      0x2000497c      0x138 D:/ST/STM32CubeIDE_1.19.0/STM32CubeIDE/plugins/com.st.stm32cube.ide.mcu.externaltools.gnu-tools-for-stm32.13.3.rel1.win32_1.0.0.202411081344/tools/bin/../lib/gcc/arm-none-eabi/13.3.1/../../../../arm-none-eabi/lib/thumb/v7e-m+fp/hard\libc_nano.a(libc_a-findfp.o)
                0x2000497c                __sf
 .bss.__stdio_exit_handler
                0x20004ab4        0x4 D:/ST/STM32CubeIDE_1.19.0/STM32CubeIDE/plugins/com.st.stm32cube.ide.mcu.externaltools.gnu-tools-for-stm32.13.3.rel1.win32_1.0.0.202411081344/tools/bin/../lib/gcc/arm-none-eabi/13.3.1/../../../../arm-none-eabi/lib/thumb/v7e-m+fp/hard\libc_nano.a(libc_a-findfp.o)
                0x20004ab4                __stdio_exit_handler
 .bss.errno     0x20004ab8        0x4 D:/ST/STM32CubeIDE_1.19.0/STM32CubeIDE/plugins/com.st.stm32cube.ide.mcu.externaltools.gnu-tools-for-stm32.13.3.rel1.win32_1.0.0.202411081344/tools/bin/../lib/gcc/arm-none-eabi/13.3.1/../../../../arm-none-eabi/lib/thumb/v7e-m+fp/hard\libc_nano.a(libc_a-reent.o)
                0x20004ab8                errno
 .bss.__lock___malloc_recursive_mutex
                0x20004abc        0x1 D:/ST/STM32CubeIDE_1.19.0/STM32CubeIDE/plugins/com.st.stm32cube.ide.mcu.externaltools.gnu-tools-for-stm32.13.3.rel1.win32_1.0.0.202411081344/tools/bin/../lib/gcc/arm-none-eabi/13.3.1/../../../../arm-none-eabi/lib/thumb/v7e-m+fp/hard\libc_nano.a(libc_a-lock.o)
                0x20004abc                __lock___malloc_recursive_mutex
 .bss.__lock___sfp_recursive_mutex
                0x20004abd        0x1 D:/ST/STM32CubeIDE_1.19.0/STM32CubeIDE/plugins/com.st.stm32cube.ide.mcu.externaltools.gnu-tools-for-stm32.13.3.rel1.win32_1.0.0.202411081344/tools/bin/../lib/gcc/arm-none-eabi/13.3.1/../../../../arm-none-eabi/lib/thumb/v7e-m+fp/hard\libc_nano.a(libc_a-lock.o)
                0x20004abd                __lock___sfp_recursive_mutex
 *(COMMON)
                0x20004ac0                        . = ALIGN (0x4)
 *fill*         0x20004abe        0x2 
                0x20004ac0                        _ebss = .
                0x20004ac0                        __bss_end__ = _ebss

._user_heap_stack
                0x20004ac0      0x600 load address 0x0800e718
                0x20004ac0                        . = ALIGN (0x8)
                [!provide]                        PROVIDE (end = .)
                0x20004ac0                        PROVIDE (_end = .)
                0x20004cc0                        . = (. + _Min_Heap_Size)
 *fill*         0x20004ac0      0x200 
                0x200050c0                        . = (. + _Min_Stack_Size)
 *fill*         0x20004cc0      0x400 
                0x200050c0                        . = ALIGN (0x8)

/DISCARD/
 libc.a(*)
 libm.a(*)
 libgcc.a(*)

.ARM.attributes
                0x00000000       0x30
 *(.ARM.attributes)
 .ARM.attributes
                0x00000000       0x22 D:/ST/STM32CubeIDE_1.19.0/STM32CubeIDE/plugins/com.st.stm32cube.ide.mcu.externaltools.gnu-tools-for-stm32.13.3.rel1.win32_1.0.0.202411081344/tools/bin/../lib/gcc/arm-none-eabi/13.3.1/thumb/v7e-m+fp/hard/crti.o
 .ARM.attributes
                0x00000022       0x34 D:/ST/STM32CubeIDE_1.19.0/STM32CubeIDE/plugins/com.st.stm32cube.ide.mcu.externaltools.gnu-tools-for-stm32.13.3.rel1.win32_1.0.0.202411081344/tools/bin/../lib/gcc/arm-none-eabi/13.3.1/thumb/v7e-m+fp/hard/crtbegin.o
 .ARM.attributes
                0x00000056       0x34 ./Core/Src/fonts.o
 .ARM.attributes
                0x0000008a       0x34 ./Core/Src/freertos.o
 .ARM.attributes
                0x000000be       0x34 ./Core/Src/gpio.o
 .ARM.attributes
                0x000000f2       0x34 ./Core/Src/i2c.o
 .ARM.attributes
                0x00000126       0x34 ./Core/Src/main.o
 .ARM.attributes
                0x0000015a       0x34 ./Core/Src/spi.o
 .ARM.attributes
                0x0000018e       0x34 ./Core/Src/st7789.o
 .ARM.attributes
                0x000001c2       0x34 ./Core/Src/stm32f4xx_hal_msp.o
 .ARM.attributes
                0x000001f6       0x34 ./Core/Src/stm32f4xx_hal_timebase_tim.o
 .ARM.attributes
                0x0000022a       0x34 ./Core/Src/stm32f4xx_it.o
 .ARM.attributes